S	176620	AGTTGGGCACTCTAGCGAGACTGCCGGTAATAAACCGGAGGAAGGTGGGGATGACGTCAAATCATCATGCCCCTTATGACCTGGGCTACACACGTGCTACAATGGCTGGTACAACGAGTCGCAAGCCGG	KC:i:1116
S	175560	GGCTTGCGACTCGTTGTACCAGCCATTGTAGCACGTGTGTAGCCCAGGTCATAAGGGGCATGATGATTTGACGTCATCCCCACCTTCCTCCGGTTTATTACCGGCAGTCTCGCTAGAGTGCCCAACTCA	KC:i:263
S	142402	TACAAGTCCCGTGAACGTATTCACCGCGGCGTGCTGATCCGCGATTACTAGCGATTCCGACTTCATGTAGGCGAGTTGCAGCCTACAATCCGAACTGAGACTGGCTTTAAGAGATTAGCTTGCCGTCACCG	KC:i:1054
S	174560	TACAAGTCCCGTGAACGTATTCACCGCGGCGTGCTGATCCGCGATTACTAGCGATTCCGACTTCATGTAGGCGAGTTGCAGCCTACAATCCGAACTGAGACTGGCTTTAAGAGATTAGCTTGCCGTCCCCGACTCGCGA	KC:i:37
S	157214	CGGTGACGGCAAGCTAATCTCTTAAAGCCAATCTCAGTTCGGATTGTAGGCTGCAACTCGCCTACATGAAGTCGGAATCGCTAGTAATCGCGGATCAGCACGCCGCGGTGAATACGTTCACGGGGCTTGTA	KC:i:219
S	174648	GCCATTGTAGCACGTGTGTAGCCCAGGTCATAAGGGGCATGATGATTTGACGTCATCCCCACCTTCCTCCGGTTTATTACCGGCAGTCTCGCTAGAGTGCCCAACTCAATGATGGCAACTAACAATAGGGGTTGCGCTCGTTG	KC:i:4790
S	176660	GACGTCAAATCATCATGCCCCTTATGACCTGGGCTACACACGTGCTACAATGGCTGGTACAACGAGTCGCAAGCCGGTGACGGCAAGCTAATCTCTTAAAGCCAGTCTCAGTTCGGATTGTAGGCTGCAACTCGCCTACA	KC:i:958
S	173892	TGTGTACAAGTCCCGTGAACGTATTCACCGCGGCGTGCTGATCCGCGATTACTAGCGATTCCGACTTCATGTAGGCGAGTTGCAGCCTACAATCCGAACTGAGACTGGCTTTAAGAGATTAGCTTGCCGTC	KC:i:1068
S	153856	CGTATTCACCGCGGCGTGCTGATCCGCGATTACTAGCGATTCCGACTTCATGTAGGCGAGTTGCAGCCTACAATCCGAACTGAGACTGGCTTTAAGAGATTAGCTTGCCGTCACCGGCTTGCGACTCTTTGTACCAGCCATTGTAGCACGTGTGTAGCCCAGGTCATAAGGGGCATGATGATTTGACGTCATCCCCACCTTCCTCCGGTTTATTACCGGCAGTCTCGCTAGAGTGCCCAACT	KC:i:484
S	764	GAGTCGCAAGCCGGTGACGGCAAGCTAATCTCTTAAAGCCAGTCTCAGTTCGGATTGTAGGCTGCAACTCGCCTACATGAAGTCGGAATCGCTAGTAATCGCGGATCAGCACGCCGCGGTGAATACGTT	KC:i:764
S	165502	GACTCAGTGGAGACCGCCGGGGTCAACTCGGAGGAAGGTGGGGATGACGTCAAGTCATCATGCCCCTTAGGTCCAGGGCTTCACGCATGCTACAATGGCTGGTACAGAGAGTGGCGAGCCTGTGAGGGTGAGCGAATCTCGGAAAGCCGGTCTCAGTTCGGATTGGGGTCTG	KC:i:625
S	174282	AGCCCCGTGAACGTATTCACCGCGGCGTGCTGATCCGCGATTACTAGCGATTCCGACTTCATGTAGGCGAGTTGCAGCCTACAATCCGAACTGAGACTGGCTTTAAGAGATTAGCTTGCCGTCACCGACT	KC:i:218
S	1982	CCCCCCTTCCTCCGAGTTGACCCCGGCGGTCTCCACTGAGTCCCCACCATAACGTGCTGGCAACAGTGAACAAGGGTTGCGCTCGTTGCGGGACTTAACCCAACATCTCACGACACGAGCTGACGACT	KC:i:11
S	174310	GTCGTCAGCTCGTGTCGTGAGATGTTGGGTTAAGTCCCGCAACGAGCGCAACCCTTGTTCACTGTTGCCAGCACGTTATGGTGGGGACTCAGTGGAGACCGCCGGGGTCAACTCGGAGGAAGGGGGGGATGACGTCAAGTCATCATGCCCCTTATGTCCAGGGCTTCACGCATGCTACAATGGCTGGTACAGAGGGTGGCGAGCCTGTGAGGGGGGGCGAATCTCGGAAAGCCGGTCTCATT	KC:i:1193
S	710	TTTTTTTTTTTTTTTTTTTTTTTTTTTTTTTTTTTTTTTTTTTTTTTTTTTTTTTTTTTTTTTTTTTTTTTTTTTTTTTTTTTTTTTTTTTTTTTTTTTTTTTTTTTTTTTTTTTTTTTTTTTTTTTT	KC:i:72
S	174876	CCGCAACGAGCGCAACCCCTATTGTTAGTTGCCATCATTTAGTTGGGCACTCTAGCGAGACTGCCGGTAATAAACCGGAGGAAGGTGGGGATGACGTCAAATCATCATGCCCCTTATGACCTGGGCTACA	KC:i:1237
S	174490	TCCCCCCCTTCCTCCGGTTTATTACCGGCAGTCTCGCTAGAGTGCCCAACTCAATGATGGCAACTAACAATAGGGGTTGCGCTCGTTGCGGGACTTAACCCAACATCTCACGACACGAGCTGACGACTTCCAT	KC:i:26
S	174554	TCCCCCCCTTCCTCCGGTTTATTACCGGCAGTCTCGCTAGAGTGCCCAACTCAATGATGGCAACTAACAATAGGGGTTGCGCTCGTTGCGGGACTTAACCCAACATCTCACGACACGAGCTGACGACCCCCAT	KC:i:20
S	1678	GGCGAGGCTGTGAGGGTGAGCGAATCTCGGAAAGCCGGTCTCAGTTCGGATTGGGGTCTGCAACTCGACCTCATGAAGTCGGAGTCGCTAGTAATCGCAGATCAGCAACGCTGCGGTGAATACGTTCACGGG	KC:i:65
S	174446	GGCGAGGCTGTGAGGGTGAGCGAATCTCGGAAAGCCGGTCTCAGTTCGGATTGGGGTCTGCAACTCGACCTCATGAAGTCGGAGTCGCTAGTAATCGCAGATCAGCAACGCTGCGGTGAATACGTTCGCGGGAC	KC:i:59
S	4048	TCGCAAGCCGGTGACGGCAAGCTAATCTCTTAAAGCCAGTCTCAGTTCGGATTGTAGGCTGCAACTCGCCTACATGAAGTCGGAATCGCTAGTAATCGCGGATCAGCACGCCGCGGTGAATACGTTCG	KC:i:168
S	166058	TCGCGAGTCGGTGACGGCAAGCTAATCTCTTAAAGCCAGTCTCAGTTCGGATTGTAGGCTGCAACTCGCCTACAGGAAGTCGGAATCGCTAGTAATCGCGGATCAGCACGCCGCGGTGAATACGTTCACGGGACT	KC:i:39
S	4952	CCTAGCGAGACTGCCGGTAATAAACCGGAGGAAGGTGGGGATGACGTCAAATCACCATGCCCCTTATGACCTGGGCTACACACGTGCTACAAGGGCTGGTACAACGAGTCGCAAGCCGGTGACGGCAAGCTAATCTCT	KC:i:22
S	165240	AGCCCCGCGAACGTATTCACCGCGGCGTGCTGATCCGCGATTACTAGCGATTCCGACTTCCTGTAGGCGAGTTGCAGCCTACAATCCGAACTGAGACTGGCTTTAAGAGATTAGCTTGCCGTCACCGGCTTGCGA	KC:i:28
S	165464	AGCCCCGCGAACGTATTCACCGCGGCGTGCTGATCCGCGATTACTAGCGATTCCGACTTCCTGTAGGCGAGTTGCAGCCTACAATCCGAACTGAGACTGGCTTTAAGAGATTAGCTTGCCGTCACCGACTCGCGA	KC:i:26
S	164232	CGGTGACGGCAAGCTAATCTCTTAAAGCCAGTCTCAGTTCGGATTGTAGGCTGCAACTCGCCTACAGGAAGTCGGAATCGCTAGTAATCGCGGATCAGCACGCCGCGGTGAATACGTTCGCGGGGCTTGTACACA	KC:i:44
S	3286	TACAAGCCCCGTGAACGTATTCACCGCGGCGTGCTGATCCGCGATTACTAGCGATTCCGACTTCATGTAGGCGAGTTGCAGCCTACAATCCGAACTGAGACTGGCTTTAAGAGATTAGCTTGCCGTCACCG	KC:i:808
S	174558	TACAAGCCCCGTGAACGTATTCACCGCGGCGTGCTGATCCGCGATTACTAGCGATTCCGACTTCATGTAGGCGAGTTGCAGCCTACAATCCGAACTGAGACTGGCTTTAAGAGATTAGCTTGCCGTCCCCGGCTTGCGA	KC:i:38
S	3940	TGCATGGAAGTCGTCAGCTCGTGTCGTGAGATGTTGGGTTAAGTCCCGCAACGAGCGCAACCCTCGTCCACTGTTGCCAGCAATTCGGTTGGGGACTCAGTGGAGACCGCCGGGGTCAACTCGGAGGAAGG	KC:i:264
S	141656	GTACAAGCCCCGCGAACGTATTCACCGCAGCGTTGCTGATCTGCGATTACTAGCGACTCCGACTTCATGGGGTCGAGTTGCAGACCCCAATCCGAACTGAGACCGGCTTTTAGGGATTAGCTCCACCTC	KC:i:393
S	176588	CCATCATTTAGTTGGGCACTCTAGCGAGACTGCCGGTAATAAACCGGAGGAAGGTGGGGATGACGTCAAATCATCATGCCCCTTATGACCTGGGCTACACACGTGCTACAATGGCTGGTACAACGAGT	KC:i:348
S	3212	TGCTGTGAGGTGGAGCTAATCCCTAAAAGCCGGTCTCAGTTCGGATTGGGGTCTGCAACTCGACCCCATGAAGTCGGAGTCGCTAGTAATCGCAGATCAGCAACGCTGCGGTGAATACGTTCGCGGGAC	KC:i:8
S	3214	TGCTGTGAGGTGGAGCTAATCCCTAAAAGCCGGTCTCAGTTCGGATTGGGGTCTGCAACTCGACCCCATGAAGTCGGAGTCGCTAGTAATCGCAGATCAGCAACGCTGCGGTGAATACGTTCGCGGGGC	KC:i:8
S	149226	AGTTGGGCACTCTAGCGAGACTGCCGGTAATAAACCGGAGGAAGGAGGGGATGACGTCAAATCATCATGCCCCTTATGACCTGGGCTACACACGTGCTACAATGGCTGGTACAACGAGTCGCAAGCCGGTGACGGCAAGCTAATCTCTTAAAGCCAGTCTCAGTTT	KC:i:73
S	174374	GGCTTGCGACTCGTTGTACCAGCCATTGTAGCACGTGTGTAGCCCAGGTCATAAGGGGCATGATGATTTGACGTCATCCCCTCCTTCCTCCGGTTTATTACCGGCAGTCTCGCTAGAGTGCCCAACTAAATGATGGCAACTAACAATAGGGGTTGCGCTCGTTGCGGGACTTAACCCAACATCTCACGACACGAGCTGACGACCCCCAT	KC:i:275
S	174394	GGCTTGCGACTCGTTGTACCAGCCATTGTAGCACGTGTGTAGCCCAGGTCATAAGGGGCATGATGATTTGACGTCATCCCCTCCTTCCTCCGGTTTATTACCGGCAGTCTCGCTAGAGTGCCCAACTCAATGATGGCAACTAACAATAGGGGTTGCGCTCGTTGCGGGACTTAACCCAACATCTCACGACACGAGCTGACGACCCCCAT	KC:i:389
S	3220	GTGTACAAGTCCCGTGAACGGCACGACGAAGACCTTCACGATGGATTCGAGCTTCGACGGCGAAAGCTTCTACTTCAAGGCGGGCGACTACGACCAGACGGCCGTGTCCGGCACACCGCTGACGACCCCCATGCACT	KC:i:320
S	3222	GTGTACAAGTCCCGTGAACGGCACGACGAAGACCTTCACGATGGATTCGAGCTTCGACGGCGAAAGCTTCTACTTCAAGGCGGGCGACTACGACCAGACGGCCGTGTCCGGCACACCGCTGACGACCTCCATGCACT	KC:i:60
S	5086	TACTGGGAGGTGGAGCTAATCCCTAAAAGCCGGTCTCAGTTCGGATTGGGGTCTGCAACTCGACCCCATGAAGTCGGAGTCGCTAGTAATCGCAGATCAGCAACGCTGCGGTGAATACGTTCACGGGGCTTGT	KC:i:54
S	143376	AGAGATTAGCTTGCCGTCACCGGCTTGCGACTCGTTGTACCAGCCATTGTAGCACGTGTGTAGCCCAGGTCATAAGGGGCATGATGATTTGACGTCCTCCCCACCTTCCTCCGGTTTATTACCGGCAGTCTCGCCCGT	KC:i:36
S	163530	TGCCGGTAATAAACCGGAGGAAGGTGGGGAGGACGTCAAATCATCATGCCCCTTATGACCTGGGCTACACACGTGCTACAATGGCTGGTACAACGAGTCGCAAGCCGGTGACGGCAAGCTAATCTCTGAAAGCCAGTCTCAGTTCGGATTGTAGGCTG	KC:i:110
S	165498	TGCCGGTAATAAACCGGAGGAAGGTGGGGAGGACGTCAAATCATCATGCCCCTTATGACCTGGGCTACACACGTGCTACAATGGCTGGTACAACGAGTCGCAAGCCGGTGACGGCAAGCTAATCTCTTAAAGCCAGTCTCAGTTCGGATTGTAGGCTG	KC:i:234
S	166096	TGCATGGAGGTCGTCAGCTCGTGTCGTGAGATGTTGGGTTAAGTCCCGCAACGAGCGCAACCCTCGTTCTATGTTGCCAGCACGTGATGGTGGGGACTCATAGGAGACTGCCGGGGTTAACTCGGAGGAAGGTGGGGATGACGTCAAATCAT	KC:i:2013
S	5574	AGGCGGTGACGGCAAGCTAATCTCTTAAAGCCAGTCTCAGTTCGGATTGTAGGCTGCAACTCGCCTACATGAAGTCGGAATCGCTAGTAATCGCGGATCAGCACGCCGCGGTGAATACGTTCACGGGGCT	KC:i:24
S	166362	GAACGTATTCACCGCGGCGTGCTGATCCGCGATTACTAGCGATTCCGACTTCATGTAGGCGAGTTGCAGCCTACAATCCGAACTGAGACTGGCTTTAAGAGATTAGCTTGCCGTCCCCGACTCGCGACTCGTTGTACCAGCCATTGTAGCACGTGTGTAGCCCAGGTCATAAGGGGCATGATGATTTGACGTCATCCCCACCTTCCTCCGGTTTATTACCGGCAGTCTCGCTAGAGTGCCCAA	KC:i:922
S	2982	TCGCGAGTCGGGGACGGCAAGCTAATCTCTTAAAGCCAGTCTCAGTTCGGATTGTAGGCTGCAACTCGCCTACATGAAGTCGGAATCGCTAGTAATCGCGGATCAGCACGCCGCGGTGAATACGTTCGCGGG	KC:i:55
S	4368	GTACAAGTCCCGCGAACGTATTCACCGCAGCGTTGCTGATCTGCGATTACTAGCGACTCCGACTTCATGGGGTCGAGTTGCAGACCCCAATCCGAACTGAGACCGGCTTTTAGGGATTAGCTCCACCTC	KC:i:566
S	3738	TGCGATACTGTGAGGTGGAGCTAATCCCTAAAAGCCGGTCTCAGTTCGGATTGGGGTCTGCAACTCGACCCCATGAAGTCGGAGTCGCTAGTAATCGCAGATCAGCAACGCTGCGGTGAATACGTTCA	KC:i:595
S	177100	TGCGATACTGTGAGGTGGAGCTAATCCCTAAAAGCCGGTCTCAGTTCGGATTGGGGTCTGCAACTCGACCCCATGAAGTCGGAGTCGCTAGTAATCGCAGATCAGCAACGCTGCGGTGAATACGTTCG	KC:i:422
S	174790	TTGGGCACTCTAGCGAGACTGCCGGTAATAAACCGGAGGAAGGTGGGGATGACGTCAAATCATCATGCCCCTTATGACCTGGGCTACACACGTGCTACAATGGCTGGTACAACGAGTCGCGAGTCGGTGACGGCAAGCTAA	KC:i:3152
S	173960	CCAATCCGAACTGAGACCGGCTTTTTGAGATTCGCTCCACCTTACGATGTCGCAACTCACTGTACCGGCCATTGTAGCATGCGTGAAGCCCTGGACATAAGGGGCATGATGACTTGACGTCATCCCCACCTTCCTCCGAGTTGACCCCGGCGGTCTCCACTGAGTCCCCAACCGAATTGCTGGCAACAGTGGACGAGGGTTGCGCTCGTTGCGGGACTTAACCCAACATCTCACGACACGAGCTGACGA	KC:i:20692
S	3484	TACAAGCCCCGCGAACGTATTCACCGCGGCGTGCTGATCCGCGATTACTAGCGATTCCGACTTCATGTAGGCGAGTTGCAGCCTACAATCCGAACTGAGACTGGCTTTAAGAGATTAGCTTGCCGTCCCCG	KC:i:32
S	141648	TACAAGCCCCGCGAACGTATTCACCGCGGCGTGCTGATCCGCGATTACTAGCGATTCCGACTTCATGTAGGCGAGTTGCAGCCTACAATCCGAACTGAGACTGGCTTTAAGAGATTAGCTTGCCGTCACCG	KC:i:493
S	164030	CCTTCCTCCGAGTTGACCCCGGCAGTCTCCTATGAGTCCCCACCATAACGTGCTGGCAACATAGAACGAGGGTTGCGCTCGTTGCGGGACTTAACCCAACATCTCACGACACGAGCTGACGACTTCCATGC	KC:i:1350
S	4436	GGAAGTCGTCAGCTCGTGTCGTGAGATGTTGGGTTAAGTCCCGCAACGAGCGCAACCCTCGTTCTATGTTGCCAGCACGTTATGGTGGGGACTCATAGGAGACTGCCGGGGTCAACTCGGAGGAAGGGGG	KC:i:21
S	4438	GGAAGTCGTCAGCTCGTGTCGTGAGATGTTGGGTTAAGTCCCGCAACGAGCGCAACCCTCGTTCTATGTTGCCAGCACGTTATGGTGGGGACTCATAGGAGACTGCCGGGGTCAACTCGGAGGAAGGTGG	KC:i:993
S	5236	GCATGGGGGTCGTCAGCTCGTGTCGTGAGATGTTGGGTTAAGTCCCGCAACGAGCGCAACCCTCGTTCTATGTTGCCAGCACGTTATGGTGGGGACTCATAGGAGACTGCCGGGGTCAACTCGGAGGGAGGTGG	KC:i:28
S	166084	GCATGGGGGTCGTCAGCTCGTGTCGTGAGATGTTGGGTTAAGTCCCGCAACGAGCGCAACCCTCGTTCTATGTTGCCAGCACGTTATGGTGGGGACTCATAGGAGACTGCCGGGGTCAACTCGGAGGAAGG	KC:i:2100
S	7808	TCCCCACCTTCCTCCGAGTTGACCCCGGCGGTCTCCACTGAGTCCCCAACCGAATTGCTGGCAACAGTGGACGAGGGTTGCGCTCGTTGCGGGACTTAACCCAACATCTCACGACACGAGCTGACGAC	KC:i:194
S	176836	TCGTCAGCTCGTGTCGTGAGATGTTGGGTTAAGTCCCGCAACGAGCGCAACCCTCGTCCACTGTTGCCAGCAATTCGGTTGGGGACTCAGTGGAGACCGCCGGGGTCAACTCGGAGGAAGGTGGGGAGGACGTCAAGTCATCATGCCCCTTAGGTCCAGGGCTTCACGCATGCTACAATGGCTGGTACAGAGAGTGGCGAGCCTGTGAGGGTGAGCGAATCTCGGAAAGCCGGTCTCAGTTCGGATTGGGGTCTG	KC:i:568
S	157422	GAACGTATTCACCGCGGCGTGCTGATCCGCGATTACTAGCGATTCCGACTTCATGTAGGCGAGTTGCAGCCTACAATCCGAACTGAGACTGGCTTTAAGAGATTAGCTTGCCGTCACCGGCTTGCGGCTCGTTGTACCAGCCATTGTAGCACGTGTGTAGCCCAGGTCATAAGGGGCATGATGATTTGACGTCATCCCCACCTTCCTCCGGTTTATTACCGGCAGTCTCGCTAGAGTGCCCAACT	KC:i:1219
S	175670	CCCGTGAACGTATTCACCGCAGCGTTGCTGATCTGCGATTACTAGCGACTCCGACTTCATGGGGTCGAGTTGCAGACCCCAATCCGAACTGAGACCGGCTTTTAGGGATTAGCTCCACCTCACAGTATCGC	KC:i:2426
S	6856	TACTGTGAGGTGGAGCTAATCCCTAAAAGCCGGTCTCAGTTCGGATTGGGGTCTGCAACTCGACCCCATGAAGTCGGAGTCGCTAGTAATCGCAGATCAGCAACGCTGCGGTGAATACGTTCACGGGG	KC:i:222
S	155922	TTGGGCACTCTAGCGAGACTGCCGGTAATAAACCGGAGGAAGGTGGGGATGACGTCAAATCATCATGCCCCTTATGACCTGGGCTACACACGTGCTACAATGGCTGGTACAACGAGTCGCAAGCCGGGGACGGCAAGCTAATCTCTTAAAGCCAGTCTCAGTTCGGATTGTAGGCTGCAACTCGCCTACATGAAGTCGGAATCGCTAGTAATCGCGGATCAGCACGCCGCGGTGAATACGTTC	KC:i:1554
S	176628	TTGGGCACTCTAGCGAGACTGCCGGTAATAAACCGGAGGAAGGTGGGGATGACGTCAAATCATCATGCCCCTTATGACCTGGGCTACACACGTGCTACAATGGCTGGTACAACGAGTCGCAAGCCGGTGACGGCAAGCTAA	KC:i:6575
S	6940	AGTCGGTGACGGCAAGCTAATCTCTTAAAGCCAGTCTCAGTTCGGATTGTAGGCTGCAACTCGCCTACATGAAGTCGGAATCGCTAGTAATCGCGGATCAGCACGCCGCGGTGAATACGTTCGCGGGGCT	KC:i:111
S	177176	AGGTGGGGATGACGTCAAATCATCATGCCCCTTATGTCTTGGGCTTCACGCATGCTACAATGGCCGGTACAGAGGGTTGCGATACTGTGAGGTGGAGCTAATCCCTAAAAGCCGGTCTCAGTTCGGATTGG	KC:i:1074
S	165538	AGTTGGGCACTCTAGCGAGACTGCCGGTAATAAACCGGAGGAAGGTGGGGATGACGTCAAATCATCATGCCCCTTATGACCTGGGCTACACACGTGCTACAATGGCTGGGACAACGAGTCGCGAGTCGGTGACGGCAAGCTAATCTCTTAAAGCCAGTCTCAGTTCGGATTGTAGGCTGCAACTCGCCTACATGAAGTCGGAATCGCTAGTAATCGCGGATCAGCACGCCGCGGTGA	KC:i:549
S	7064	GACTCGCGACTCGTTGTCCCAGCCATTGTAGCACGTGTGTAGCCCAGGTCATAAGGGGCATGATGATTTGACGTCATCCCCACCTTCCTCCGGTTTATTACCGGCAGTCTCGCTAGAGTGCCCAACTAAATG	KC:i:25
S	155356	GTCGTCAGCGGTGTGCCGGACACGGCCGTCTGGTCGTAGTCGCCCGCCTTGAAGTAGAAGCTTTCGCCGTCGAAGCTCGAATCCATCGTGAAGGTCTTCGTCGTGCCGTTCACGGGACTTGTACACACTGTCTCTTATACACATCTCCGAGCCCACGAGACTAAGGCGAATCTCGTATGCCGTCTTCTGCTTGAAAAAAAAAAAAAATGACGAGTATGATAACACTTTGCCGTAACACGTGTGTAATGTTGTATACAGCTGTGTAATGTGCCAAAGTAACAGCTTATCGT	KC:i:3164
S	7154	TGTGTACAAGTCCCGTGAACGGCACGACGAAGACCTTCACGATGGATTCGAGCTTCGACGGCGAAAGCTTCTACTTCAAGGCGGGCGACTACGACCAGACGGCCGTGTCCGGCACACCGCTGACGACC	KC:i:43
S	6146	TGAACGTATTCACCGCAGCGTTGCTGATCTGCGATTACTAGCGACTCCGACTTCATGGGGTCGAGTTGCAGACCCCAATCCGAACTGAGACCGGCTTTTAGGGATTAGCTCCACCTCACAGTATCGCC	KC:i:10
S	176844	GTTGCCATCATTGAGTTGGGCACTCTAGCGAGACTGCCGGTAATAAACCGGAGGAAGGTGGGGATGACGTCAAATCATCATGCCCCTTATGACCTGGGCTACACACGTGCTACAATGGCTGGTACAAAGAGTCGCAAGCC	KC:i:150
S	174660	TATGGTGGGGACTCAGTGGAGACCGCCGGGGTCAACTCGGAGGAAGGTGGGGATGACGTCAAGTCATCATGCCCCTTATGTCCAGGGCTTCACGCATGCTACAATGGCTGGTACAGAGAGTGGCGAGGCTGTGAGGGTGAGCGAATCTCGGAAAGCCGGTCTCAGTTCGGATTGGGGTCTGCAACTCGACCTCATGAAGTCGGAGTCGCTAGTAATCGCAGATCAGCAACGCTGCGGTGAATACGTTC	KC:i:2203
S	177268	TATGGTGGGGACTCAGTGGAGACCGCCGGGGTCAACTCGGAGGAAGGTGGGGATGACGTCAAGTCATCATGCCCCTTATGTCCAGGGCTTCACGCATGCTACAATGGCTGGTACAGAGAGTGGCGAGCCTG	KC:i:3636
S	6966	TGCGATGCTGTGAGGTGGAGCTAATCCCTAAAAGCCGGTCTCAGTTCGGATTGGGGTCTGCAACTCGACCCCATGAAGTCGGAGTCGCTAGTAATCGCAGATCAGCAACGCTGCGGTGAATACGTTCACGGG	KC:i:75
S	6968	TGCGATGCTGTGAGGTGGAGCTAATCCCTAAAAGCCGGTCTCAGTTCGGATTGGGGTCTGCAACTCGACCCCATGAAGTCGGAGTCGCTAGTAATCGCAGATCAGCAACGCTGCGGTGAATACGTTCGCGGG	KC:i:40
S	176942	CATTGAGTTGGGCACTCTAGCGAGACTGCCGGTAATAAACCGGAGGAAGGTGGGGATGACGTCAAATCATCATGCCCCTTATGACCTGGGCTACACACGTGCTACAATGGCTGGGACAACGAGTCGCGAGTC	KC:i:98
S	177252	CCAGCACGTTATGGTGGGGACTCAGTGGAGACCGCCGGGGTCAACTCGGAGGAAGGTGGGGATGACGTCAAGTCATCATGCCCCTTATGTCCAGGGCTTCACGCATGCTACAATGGCTGGTACAGAGAGTGGCG	KC:i:7624
S	8384	GGGGGTCGTCAGCTCGTGTCGTGAGATGTTGGGTTAAGTCCCGCAACGAGCGCAACCCTTGTTCACTGTTGCCAGCACGTTATGGTGGGGACTCAGTGGAGACCGCCGGGGTCAACTCGGAGGAAGGGGG	KC:i:18
S	143362	AGAGATTAGCTTGCCGTCACCGGCTTGCGACCCGTTGTACCAGCCATTGTAGCACGTGTGTAGCCCCGGTCATAAGGGGCATGATGATTTGACGTCATCCCCACCTTCCCCCGGTTTATTACCGGCAGTCTCGCTAGG	KC:i:14
S	176908	TGCCGGTAATAAACCGGGGGAAGGTGGGGATGACGTCAAATCATCATGCCCCTTATGACCGGGGCTACACACGTGCTACAATGGCTGGTACAACGGGTCGCAAGCCGGTGACGGCAAGCTAATCTCTTAAAGCCAGTCTCAGTTCGGATTGTAGGCTGCAACTCGCCTACATGAAGTCGGAATCGCTA	KC:i:251
S	142344	ATGGGGGTCGTCAGCTCGTGTCGTGAGATGTTGGGTTAAGTCCCGCAACGAGCGCAACCCCTATTGTTAGTTGCCATCATTCAGTTGGGCACTCTAGCGAGACTGCCGGTAATAAACCGGAGGAAGGTGGGG	KC:i:998
S	141160	CCTTCCTCCGGTTTATTACCGGCAGTCTCGCTAGAGTGCCCAACTGAATGATGGCAACTAACAATAGGGGTTGCGCTCGTTGCGGGACTTAACCCAACATCTCACGACACGAGCTGACGACCCCCATGCA	KC:i:620
S	175154	TGCATGGGGGTCGTCAGCTCGTGTCGTGAGATGTTGGGTTAAGTCCCGCAACGAGCGCAACCCTCGTTCTATGTTGCCAGCACGTTATGGGGGGGACTCATAGGAGACTGCCGGGGTCAACTCGGAGGAAGGTGGGGATGACGTCAAATCATCATGCCCCTTATGTCTTGGGCTTCACGCATGCTACAATGGCCGGTACAGAGGG	KC:i:994
S	174476	CCCCGCGAACGTATTCACCGCAGCGTTGCTGATCTGCGATTACTAGCGACTCCGACTTCATGGGGTCGAGTTGCAGACCCCAATCCGAACTGAGACCGGCTTTTAGGGATTAGCTCCACCTCACAGTCTCGCA	KC:i:40
S	141204	CCTTCCTCCGGTTTATTACCGGCAGTCTCGCTAGAGTGCCCAACTCAATGATGGCAACTAACAATAGGGGTTGCGCTCGTTGCGGGACTTAACCCAACATCTCACGACACGAGCTGACGACCCCCATGCA	KC:i:329
S	157006	AGTTGGGCACTCTAGCGAGACTGCCGGTAATAAACCGGAGGAAGGTGGGGATGACGTCAAATCATCATGCCCCTTATGACCTGGGCTACACACGTGCTACAATGGCTGGGACAACGAGTCGCAAGCCGGTGACGGCAAGCTAATCTCT	KC:i:534
S	8874	GGCTTGCGACTCGTTGTCCCAGCCATTGTAGCACGTGTGTAGCCCAGGTCATAAGGGGCATGATGATTTGACGTCATCCCCACCTTCCTCCGGTTTATTACCGGCAGTCTCGCTAGAGTGCCCAACTAAATG	KC:i:60
S	8876	GGCTTGCGACTCGTTGTCCCAGCCATTGTAGCACGTGTGTAGCCCAGGTCATAAGGGGCATGATGATTTGACGTCATCCCCACCTTCCTCCGGTTTATTACCGGCAGTCTCGCTAGAGTGCCCAACTCAATG	KC:i:30
S	166082	CCTTCCTCCGAGTTGACCCCGGCAGTCTCCTATGAGTCCCCACCATAACGTGCTGGCAACATAGAACGAGGGTTGCGCTCGTTGCGGGACTTAACCCAACATCTCACGACACGAGCTGACGACTCCCATGC	KC:i:1122
S	9070	GGGAGTCGTCAGCTCGTGTCGTGAGATGTTGGGTTAAGTCCCGCAACGAGCGCAACCCTCGTTCTATGTTGCCAGCACGTTATGGTGGGGACTCATAGGAGACTGCCGGGGTCAACTCGGAGGAAGGGGG	KC:i:18
S	166016	GGGAGTCGTCAGCTCGTGTCGTGAGATGTTGGGTTAAGTCCCGCAACGAGCGCAACCCTCGTTCTATGTTGCCAGCACGTTATGGTGGGGACTCATAGGAGACTGCCGGGGTCAACTCGGAGGAAGGTGG	KC:i:807
S	9734	AGTCCCGCGAACGTATTCACCGCGGCGTGCTGATCCGCGATTACTAGCGATTCCGACTTCATGTAGGCGAGTTGCAGCCTACAATCCGAACTGAGACTGGCTTTAAGAGATTAGCTTGCCGTCACCGCCT	KC:i:12
S	9736	AGTCCCGCGAACGTATTCACCGCGGCGTGCTGATCCGCGATTACTAGCGATTCCGACTTCATGTAGGCGAGTTGCAGCCTACAATCCGAACTGAGACTGGCTTTAAGAGATTAGCTTGCCGTCACCGGCT	KC:i:333
S	174676	AGTCCCGCGAACGTATTCACCGCGGCGTGCTGATCCGCGATTACTAGCGATTCCGACTTCATGTAGGCGAGTTGCAGCCTACAATCCGAACTGAGACTGGCTTTAAGAGATTAGCTTGCCGTCACCGACT	KC:i:197
S	175180	GAACGTATTCACCGCAGCGTTGCTGATCTGCGATTACTAGCGACTCCGACTTCATGAGGTCGAGTTGCAGACCCCAATCCGAACTGAGACCGGCTTTCCGAGATTCGCTCACCCTCACAGGCTCGCCAC	KC:i:1737
S	11354	GGCGAGCCTGTGAGGGTGAGCGAATCTCGGAAAGCCGGTCTCAGTTCGGATTGGGGTCTGCAACTCGACCTCATGAAGTCGGAGTCGCTAGTAATCGCAGATCAGCAACGCTGCGGTGAATACGTTCGCGGG	KC:i:1825
S	157292	GCATGGAGGTCGTCAGCTCGTGTCGTGAGATGTTGGGTTAAGTCCCGCAACGAGCGCAACCCTCGTTCTATGTTGCCAGCACGTTATGGTGGGGACTCATAGGAGACTGCCGGGGTCAACTCGGAGGGAGGTGG	KC:i:32
S	157452	GCATGGAGGTCGTCAGCTCGTGTCGTGAGATGTTGGGTTAAGTCCCGCAACGAGCGCAACCCTCGTTCTATGTTGCCAGCACGTTATGGTGGGGACTCATAGGAGACTGCCGGGGTCAACTCGGAGGAAGG	KC:i:1401
S	176652	GGGGATGACGTCAAATCATCATGCCCCTTATGACCTGGGCTACACACGTGCTACAATGGCTGGTACAACGAGTCGCAAGCCGGTGACGGCAAGCTAATCTCTTAAAGCCAGTCTCAGTTCGGATTGTAGGCTG	KC:i:288
S	166086	CCTTCCTCCGAGTTGACCCCGGCGGTCTCCACTGAGTCCCCACCATAACGTGCTGGCAACAGTGAACAAGGGTTGCGCTCGTTGCGGGACTTAACCCAACATCTCACGACACGAGCTGACGACCTCCATGCA	KC:i:1383
S	12878	GGAGGTCGTCAGCTCGTGTCGTGAGATGTTGGGTTAAGTCCCGCAACGAGCGCAACCCTTGTTCACTGTTGCCAGCACGTTATGGTGGGGACTCAGTGGAGACCGCCGGGGTCAACTCGGAGGAAGGGGG	KC:i:12
S	147270	GGGGACTCATAGGAGACTGCCGGGGTCAACTCGGAGGAAGGTGGGGATGACGTCAAATCATCATGCCCCTTATGTCTTGGGCTTCACGCATGCTACAATGGCCGGTACAGAGGGTTGCGATACTGTGCGGTGGAGCTAATCCCTAAAAGCCGGT	KC:i:484
S	177160	GGGGACTCATAGGAGACTGCCGGGGTCAACTCGGAGGAAGGTGGGGATGACGTCAAATCATCATGCCCCTTATGTCTTGGGCTTCACGCATGCTACAATGGCCGGTACAGAGGGTTGCGATACTGTGAGGTGGAGCTAATCCCTAAAAGCCGGT	KC:i:28423
S	175584	ACTCGTTGTACCAGCCATTGTAGCACGTGTGTAGCCCAGGTCATAAGGGGCATGATGATTTGACGTCATCCCCACCTTCCTCCGGTTTATTACCGGCAGTCTCGCTAGAGTGCCCAACTCAATGATGGCAAC	KC:i:2010
S	14132	TTCACCGCGGCGTGCTGATCCGCGATTACTAGCGATTCCGACTTCATGTAGGCGAGTTGCAGCCTACAATCCGAACTGAGACTGGCTTTCAGAGATTAGCTTGCCGTCACCGGCTTGCGACTCGTTGT	KC:i:108
S	163736	TTCACCGCGGCGTGCTGATCCGCGATTACTAGCGATTCCGACTTCATGTAGGCGAGTTGCAGCCTACAATCCGAACTGAGACTGGCTTTCAGAGATTAGCTTGCCGTCACCGGCTTGCGACTCGTTGGACCAGCCATTGTAGCACGTGTGTAGCCCAGGTCATAAGGGGCATGATGATTTGACGTCATCCCCCCCTTCCTCCGGTTTATTACCGGCA	KC:i:631
S	163764	CTGTGAGGTGGAGCTAATCCCTAAAAGCCGGTCTCAGTTCGGATTGGGGTCTGCAACTCGACCCCATGAAGTCGGAGTCGCTAGTAATCGCAGATCAGCAACGCTGCGGTGAATACGTTCACGGGGCTTGT	KC:i:946
S	13754	GCCCCGTGAACGTATTCACCGCAGCGTTGCTGATCTGCGATTACTAGCGACTCCGACTTCATGGGGTCGAGTTGCAGACCCCAATCCGAACTGAGACCGGCTTTTAGGGATTAGCTCCACCTCACAGT	KC:i:228
S	176280	TATGGTGGGGACTCATAGGAGACTGCCGGGGTCAACTCGGAGGAAGGTGGGGATGACGTCAAATCATCATGCCCCTTATGTCTTGGGCTTCACGCATGCTACAATGGCCGGTACAGAGGGTTGCGATGCTGTGAGGTGGAGCTAATCCCTAAAAGCCGGTCTCAGTTCGGATTGGGGTCTGCAACTCGACCCCATGAAGTCGGAGTCGCTAGTAATCGCAGATCAGCAACGCTGCGGTGAATACGTTC	KC:i:1126
S	177144	TATGGTGGGGACTCATAGGAGACTGCCGGGGTCAACTCGGAGGAAGGTGGGGATGACGTCAAATCATCATGCCCCTTATGTCTTGGGCTTCACGCATGCTACAATGGCCGGTACAGAGGGTTGCGATACTG	KC:i:4772
S	142388	ACAAGTCCCGTGAACGTATTCACCGCAGCGTTGCTGATCTGCGATTACTAGCGACTCCGACTTCATGAGGTCGAGTTGCAGACCCCAATCCGAACTGAGACCGGCTTTCCGAGATTCGCTCACCCTCACAG	KC:i:1357
S	174572	GTCGTCAGCTCGTGTCGTGAGATGTTGGGTTAAGTCCCGCAACGAGCGCAACCCCTATTGTTAGTTGCCATCATTTAGTTGGGCACTCTAGCGAGACTGCCGGTAATAAACCGGAGGAAGGGGGGGATGACGTCAAATCATCATGCCCCTTATGACCTGGGCTACACACGTGCTACAATGGCTGGTACAACGAGTCGCAAGCCGGTGACGGCAAGCTAATCTCTTAAAGCCAGTCTCAGTTCGGATTGT	KC:i:1182
S	174460	TCCCCCCCTTCCTCCGGTTTATTACCGGCAGTCTCGCTAGAGTGCCCAACTAAATGATGGCAACTAACAATAGGGGTTGCGCTCGTTGCGGGACTTAACCCAACATCTCACGACACGAGCTGACGACTCCCAT	KC:i:38
S	174548	TCCCCCCCTTCCTCCGGTTTATTACCGGCAGTCTCGCTAGAGTGCCCAACTAAATGATGGCAACTAACAATAGGGGTTGCGCTCGTTGCGGGACTTAACCCAACATCTCACGACACGAGCTGACGACCTCCAT	KC:i:38
S	14312	GTACAAGTCCCGTGAACGTATTCACCGCAGCGTTGCTGATCTGCGATTACTAGCGACTCCGACTTCATGGGGTCGAGTTGCAGACCCCAATCCGAACTGAGACCGGCTTTTAGGGATTAGCTCCACCTC	KC:i:854
S	12942	CGAACGTATTCACCGCGGCGTGCTGATCCGCGATTACTAGCGATTCCGACTTCATGTAGGCGAGTTGCAGCCTACAATCCGAACTGAGACTGGCTTTAAGAGATTAGCTTGCCGTCACCGGCTTGCGG	KC:i:9
S	13402	TACAAGTCCCGCGAACGTATTCACCGCGGCGTGCTGATCCGCGATTACTAGCGATTCCGACTTCATGTAGGCGAGTTGCAGCCTACAATCCGAACTGAGACTGGCTTTAAGAGATTAGCTTGCCGTCACCG	KC:i:724
S	174546	TACAAGTCCCGCGAACGTATTCACCGCGGCGTGCTGATCCGCGATTACTAGCGATTCCGACTTCATGTAGGCGAGTTGCAGCCTACAATCCGAACTGAGACTGGCTTTAAGAGATTAGCTTGCCGTCCCCGACT	KC:i:50
S	163410	CCTTCCTCCGGTTTATTACCGGCAGTCTCGCTAGAGTGCCCAACTAAATGATGGCAACTAACAATAGGGGTTGCGCTCGTTGCGGGACTTAACCCAACATCTCACGACACGAGCTGACGACTCCCATGCA	KC:i:188
S	176286	TGTGTACAAGCCCCGTGAACGTATTCACCGCGGCGTGCTGATCCGCGATTACTAGCGATTCCGACTTCATGTAGGCGAGTTGCAGCCTACAATCCGAACTGAGACTGGCTTTAAGAGATTAGCTTGCCGTC	KC:i:825
S	13054	GGAGGTCGTCAGCTCGTGTCGTGAGATGTTGGGTTAAGTCCCGCAACGAGCGCAACCCTCGTTCTATGTTGCCAGCACGTTATGGTGGGGACTCATAGGAGACTGCCGGGGTCAACTCGGAGGAAGGGGG	KC:i:33
S	166006	CTGTGAGGTGGAGCTAATCCCTAAAAGCCGGTCTCAGTTCGGATTGGGGTCTGCAACTCGACCCCATGAAGTCGGAGTCGCTAGTAATCGCAGATCAGCAACGCTGCGGTGAATACGTTCACGGGACTT	KC:i:818
S	12660	GTCCCGTGAACGTATTCACCGCAGCGTTGCTGATCTGCGATTACTAGCGACTCCGACTTCATGGGGTCGAGTTGCAGACCCCAATCCGAACTGAGACCGGCTTTTAGGGATTAGCTCCACCTCACAGT	KC:i:397
S	175690	GACGTCAAATCATCATGCCCCTTATGACCTGGGCTACACACGTGCTACAATGGCTGGTACAACGAGTCGCAAGCCGGTGACGGCAAGCTAATCTCTGAAAGCCAGTCTCAGTTCGGATTGTAGGCTGCAACTCGCCTACATGAAGTCGGAATCGCTA	KC:i:821
S	12754	TTAGTTGCCATCATTCAGTTGGGCACTCTAGCGAGACTGCCGGTAATAAACCGGAGGAAGGTGGGGATGACGTCAAATCATCATGCCCCTTATGACCTGGGCTACACACGTGCTACAATGGCTGGTAAAACGAGTCGCAAGCC	KC:i:64
S	164644	TCGCGAGTCGGTGACGGCAAGCTAATCTCTTAAAGCCAGTCTCAGTTCGGATTGTAGGCTGCAACTCGCCTACATGAAGTCGGAATCGCTAGTAATCGCGGATCAGCACGCCGCGGTGAATACGTTCGCGGG	KC:i:509
S	175634	TCGCGAGTCGGTGACGGCAAGCTAATCTCTTAAAGCCAGTCTCAGTTCGGATTGTAGGCTGCAACTCGCCTACATGAAGTCGGAATCGCTAGTAATCGCGGATCAGCACGCCGCGGTGAATACGTTCACGGG	KC:i:810
S	174766	CATTGAGTTGGGCACTCTAGCGAGACTGCCGGTAATAAACCGGAGGAAGGTGGGGATGACGTCAAATCATCATGCCCCTTATGACCTGGGCTACACACGTGCTACAATGGCTGGTACAACGAGTCGCGAG	KC:i:710
S	175576	GCGACTCGTTGTACCAGCCATTGTAGCACGTGTGTAGCCCAGGTCATAAGGGGCATGATGATTTGACGTCATCCCCACCTTCCTCCGGTTTATTACCGGCAGTCTCGCTAGAGTGCCCAACTCAATGATG	KC:i:1158
S	145726	GGGGACTCATAGGAGACTGCCGGGGTTAACTCGGAGGAAGGTGGGGATGACGTCAAATCATCATGCCCCTTATGTCTTGGGCTTCACGCATGCTACAATGGCCGGTACAGAGGGTTGCGATACTGTGCGGTGGAGCTAATCCCTAAAAGCCGGT	KC:i:95
S	176270	GGGGACTCATAGGAGACTGCCGGGGTTAACTCGGAGGAAGGTGGGGATGACGTCAAATCATCATGCCCCTTATGTCTTGGGCTTCACGCATGCTACAATGGCCGGTACAGAGGGTTGCGATACTGTGAGGTGGAGCTAATCCCTAAAAGCCGGT	KC:i:1993
S	14710	TACTGTGGGGTGGAGCTAATCCCTAAAAGCCGGTCTCAGTTCGGATTGGGGTCTGCAACTCGACCCCATGAAGTCGGAGTCGCTAGTAATCGCAGATCAGCAACGCTGCGGTGAATACGTTCGCGGGACTTGTAC	KC:i:64
S	14712	TACTGTGGGGTGGAGCTAATCCCTAAAAGCCGGTCTCAGTTCGGATTGGGGTCTGCAACTCGACCCCATGAAGTCGGAGTCGCTAGTAATCGCAGATCAGCAACGCTGCGGTGAATACGTTCGCGGGGCTTGTAC	KC:i:32
S	16348	TGGAAGTCGTCAGCTCGTGTCGTGAGATGTTGGGTTAAGTCCCGCAACGAGCGCAACCCTCGTCCACTGTTGCCAGCAATTCGGTTGGGGACTCAGTGGAGACCGCCGGGGTCAACTCGGAGGAAGGGGGG	KC:i:36
S	164684	TGGAAGTCGTCAGCTCGTGTCGTGAGATGTTGGGTTAAGTCCCGCAACGAGCGCAACCCTCGTCCACTGTTGCCAGCAATTCGGTTGGGGACTCAGTGGAGACCGCCGGGGTCAACTCGGAGGAAGGTGGG	KC:i:222
S	15662	TCCCGTGAACGTATTCACCGCAGCGTTGCTGATCTGCGATTACTAGCGACTCCGACTTCATGGGGTCGAGTTGCAGACCCCAATCCGAACTGAGACCGGCTTTTAGGGATTAGCTCCACCTCACAGTA	KC:i:394
S	15664	TCCCGTGAACGTATTCACCGCAGCGTTGCTGATCTGCGATTACTAGCGACTCCGACTTCATGGGGTCGAGTTGCAGACCCCAATCCGAACTGAGACCGGCTTTTAGGGATTAGCTCCACCTCACAGTC	KC:i:4
S	14910	GTCCCGTGAACGTATTCACCGCAGCGTTGCTGATCTGCGATTACTAGCGACTCCGACTTCATGAGGTCGAGTTGCAGACCCCAATCCGAACTGAGACCGGCTTTCCGAGATTCGCTCACCCTCACAGCC	KC:i:18
S	175164	GTCCCGTGAACGTATTCACCGCAGCGTTGCTGATCTGCGATTACTAGCGACTCCGACTTCATGAGGTCGAGTTGCAGACCCCAATCCGAACTGAGACCGGCTTTCCGAGATTCGCTCACCCTCACAGGC	KC:i:660
S	16076	TACTGTGAGGTGGAGCTAATCCCTAAAAGCCGGTCTCAGTTCGGATTGGGGTCTGCAACTCGACCCCATGAAGTCGGAGTCGCTAGTAATCGCAGATCAGCAACGCTGCGGTGAATACGTTCGCGGGG	KC:i:176
S	164692	CCTAGGGGACTGCCGGGGGCAACTCGGAGGAAGGTGGGGATGACTTCAAATCATCATGCCCCTTATGTCTTGGGCTTCACGCATGCTACAATGGCCGGTACAGAGGGTTGCGATACGGTGAGGTGGAGCTAATCCCTAAAAGCCGGTCTCAGTTCGGATTGGGGTCTGCAACTCGACCCCATGAAGTCGGAGTCGCTAGTAATCGCAGATCAGCAACGCTGCGGTGAATACGTTC	KC:i:313
S	165398	ACAAGTCCCGTGAACGTATTCACCGCAGCGTTGCTGATCTGCGATTACTAGCGACTCCGACTTCATGGGGTCGAGTTGCAGACCCCAATCCGAACTGAGACCGGCTTTTAGGGATTAGCTCCACCTCCCAGTA	KC:i:100
S	15448	GGGGACTCAGTGGAGACCGCCGGGGTCAACTCGGAGGAAGGTGGGGATGACGTCAAGTCATCATGCCCCTTATGTCCAGGGCTTCACGCATGCTACAATGGCTGGTACAGAGAGTGGCGAGCCTGTGGGGG	KC:i:384
S	177284	GGGGACTCAGTGGAGACCGCCGGGGTCAACTCGGAGGAAGGTGGGGATGACGTCAAGTCATCATGCCCCTTATGTCCAGGGCTTCACGCATGCTACAATGGCTGGTACAGAGAGTGGCGAGCCTGTGAGGGTGAGCGAATCTCGGAAAGCCGGTCTCAGTTCGGATTGGGGTCTGCAACTCGACC	KC:i:21262
S	15178	GGGGGGGGGGGGGGGGGGGGGGGGGGGGGGGGGGGGGGGGGGGGGGGGGGGGGGGGGGGGGGGGGGGGGGGGGGGGGGGGGGGGGGGGGGGGGGGGGGGGGGGGGGGGGGGGGGGGGGGGGGGGGGGG	KC:i:553
S	165828	GAACGTATTCACCGCAGCGTTGCTGATCTGCGATTACTAGCGACTCCGACTTCATGGGGTCGAGTTGCAGACCCCAATCCGAACTGAGACCGGCTTTTAGGGATTAGCTCCACCTCACAGTCTCGCAACCCTCTGTACCGGCCATTGTAGCATGCGTGAAGCCCAAGACATAAGGGGCATGATGATTTGACGTCATCCCCACCTTCCTCCGAGTTGACCCCGGCAGTCTCCTATGAGTCCCCACCATAA	KC:i:955
S	16030	TGCGAGACTGTGAGGTGGAGCTAATCCCTAAAAGCCGGTCTCAGTTCGGATTGGGGTCTGCAACTCGACCCCATGAAGTCGGAGTCGCTAGTAATCGCAGATCAGCAACGCTGCGGTGAATACGTTCACGGG	KC:i:50
S	157548	GTGTGTACAAGTCCCGCGAACGTATTCACCGCGGCGTGCTGATCCGCGATTACTAGCGATTCCGACTTCATGTAGGCGAGTTGCAGCCTACAATCCGAACTGAGATTGGCTTTAAGAGATTAGCTTGCCGTC	KC:i:298
S	17732	CGAGTCGCAAGCCGGTGACGGCAAGCTAATCTCTGAAAGCCAGTCTCAGTTCGGATTGTAGGCTGCAACTCGCCTACATGAAGTCGGAATCGCTAGTAATCGCGGATCAGCACGCCGCGGTGAATACGTT	KC:i:405
S	156310	GTATTCACCGCGGCGTGCTGATCCGCGATTACTAGCGATTCCGACTTCATGTAGGCGAGTTGCAGCCTACAATCCGAACTGAGACTGGCTTTCAGAGATTAGCTTGCCGTCACCGGCTTGCGACTCGTTG	KC:i:376
S	176820	GTTATGGTGGGGACTCAGTGGAGACCGCCGGGGTCAACTCGGAGGAAGGTGGGGATGACGTCAAGTCATCATGCCCCTTATGTCCAGGGCTTCACGCATGCTACAATGGCTGGTACAGAGAGTGGCGGGCCTGTGAGGGTGAGCGAATCTCGGAAAGCCGGTCTCAGTTCGGATTGGGGTCTGCAACTCGACCTCATGAAGTCGGAGTCGCTAGTAATCGCAGATCAGCAACGCTGCGGTGAATACGTTC	KC:i:3693
S	177260	GTTATGGTGGGGACTCAGTGGAGACCGCCGGGGTCAACTCGGAGGAAGGTGGGGATGACGTCAAGTCATCATGCCCCTTATGTCCAGGGCTTCACGCATGCTACAATGGCTGGTACAGAGAGTGGCGAG	KC:i:2014
S	176232	AGCCCAGGTCATAAGGGGCATGATGATTTGACGTCATCCCCACCTTCCTCCGGTTTATTACCGGCAGTCTCGCTAGAGTGCCCAACTCAATGATGGCAACTAACAATAAGGGTTGCGCTCGTTGCGGGACTTAACCCAACATCTCACGACACGAGCTGACGACTTCCATGCA	KC:i:7100
S	174826	CCGCAACGAGCGCAACCCTTATTGTTAGTTGCCATCATTGAGTTGGGCACTCTAGCGAGACTGCCGGTAATAAACCGGAGGAAGGTGGGGATGACGTCAAATCATCATGCCCCTTATGACCTGGGCTACACACGTGCTACAATGG	KC:i:3100
S	176246	TGTGTACAAGCCCCGCGAACGTATTCACCGCGGCGTGCTGATCCGCGATTACTAGCGATTCCGACTTCATGTAGGCGAGTTGCAGCCTACAATCCGAACTGAGACTGGCTTTAAGAGATTAGCTTGCCGTC	KC:i:529
S	18806	CCCACCTCCCTCCGAGTTGACCCCGGCAGTCTCCTATGAGTCCCCACCATAACGTGCTGGCAACATAGAACGAGGGTTGCGCTCGTTGCGGGACTTAACCCAACATCTCACGACACGAGCTGACGACT	KC:i:9
S	165928	GTCGTCAGCTCGTGTCGTGAGATGTTGGGTTAAGTCCCGCAACGAGCGCAACCCTCGTTCTATGTTGCCAGCACGTTATGGTGGGGACTCATAGGAGACTGCCGGGGTCAACTCGGAGGGAGGTGGGGATGACGTCAAATCATCATGCCCCTTATGTCTTGGGCTTCACGCATGCTACAATGGCCGGTACAGAGGGTTGCGATACTGTGAGGTGGAGCTAATCCCTAAAAGCCGGTCTCAGTTCGGA	KC:i:776
S	18120	GTGCATGGAAGTCGTCAGCTCGTGTCGTGAGATGTTGGGTTAAGTCCCGCAACGAGCGCAACCCTCGTTCTATGTTGCCAGCACGTTATGGTGGGGACTCATAGGAGACTGCCGGGGTCAACTCGGAGG	KC:i:340
S	174472	ACTCCGACTTCATGAGGTCGAGTTGCAGACCCCAATCCGAACTGAGACCGGCTTTCCGAGATTCGCTCACCCTCACAGGCTCGCCACTCTCTGTACCAGCCATTGTAGCATGCGTGAAGCCCTGGACCTAAGGGGCATGATGACTTGACGTC	KC:i:1024
S	177306	GTCCAGGGCTTCACGCATGCTACAATGGCTGGTACAGAGAGTGGCGAGCCTGTGAGGGTGAGCGAATCTCGGAAAGCCGGTCTCAGTTCGGATTGGGGTCTGCAACTCGACCTCATGAAGTCGGAGTCGCTAGTAATCGCAGATCAGCAACGCTGCGGTGAATACGT	KC:i:28145
S	172258	GGCTGGTACAACGAGTCGCAAGCCGGTGACGGCAAGCTAATCTCTGAAAGCCAGTCTCAGTTCGGATTGTAGGCTGCAACTCGCCTACATGAAGTCGGAATCGCTAGTAATCGCGGATCAGCACGCCGCGGTGA	KC:i:632
S	176596	CATCATTTAGTTGGGCACTCTAGCGAGACTGCCGGTAATAAACCGGAGGAAGGTGGGGATGACGTCAAATCATCATGCCCCTTATGACCTGGGCTACACACGTGCTACAATGGCTGGTACAACGAGTCGC	KC:i:1011
S	176924	TGTGTACAAGCCCCGCGAACGTATTCACCGCAGCGTTGCTGATCTGCGATTACTAGCGACTCCGACTTCATGAGGTCGAGTTGCAGACCCCAATCCGAACTGAGACCGGCTTTTTGAGATTCGCTCCACCTTACGATGTCGCAACTCACTGTACCGGCCATTGTAGCATGCGTGAAGCCCTGGACATAAGGGGCATGATGACTTGACGTCATCCCC	KC:i:11650
S	19902	TCGCGAGGCGGTGACGGCAAGCTAATCTCTTAAAGCCAGTCTCAGTTCGGATTGTAGGCTGCAACTCGCCTACATGAAGTCGGAATCGCTAGTAATCGCGGATCAGCACGCCGCGGTGAATACGTTCACGGG	KC:i:60
S	19904	TCGCGAGGCGGTGACGGCAAGCTAATCTCTTAAAGCCAGTCTCAGTTCGGATTGTAGGCTGCAACTCGCCTACATGAAGTCGGAATCGCTAGTAATCGCGGATCAGCACGCCGCGGTGAATACGTTCGCGGG	KC:i:45
S	21360	TTAGTTGGGCACTCTAGCGAGACTGCCGGTAATAAACCGGAGGAAGGTGGGGATGACGTCAAATCATCATGCCCCTTATGACCTGGGCTACACACGTGCTACAATGGCTGGTACAACGAGTCGCAAGGC	KC:i:8
S	176612	TTAGTTGGGCACTCTAGCGAGACTGCCGGTAATAAACCGGAGGAAGGTGGGGATGACGTCAAATCATCATGCCCCTTATGACCTGGGCTACACACGTGCTACAATGGCTGGTACAACGAGTCGCAAGCC	KC:i:534
S	164906	TGTGTACAAGTCCCGCGAACGTATTCACCGCAGCGTTGCTGATCTGCGATTACTAGCGACTCCGACTTCATGAGGTCGAGTTGCAGACCCCAATCCGAACTGAGACCGGCTTTCCGAGATTCGCTCAACCTCACAGGCTCGCC	KC:i:70
S	174470	TGTGTACAAGTCCCGCGAACGTATTCACCGCAGCGTTGCTGATCTGCGATTACTAGCGACTCCGACTTCATGAGGTCGAGTTGCAGACCCCAATCCGAACTGAGACCGGCTTTCCGAGATTCGCTCACCCTC	KC:i:1191
S	176542	TACCAGCCATTGTAGCACGTGTGTAGCCCAGGTCATAAGGGGCATGATGATTTGACGTCATCCCCACCTTCCTCCGGTTTATTACCGGCAGTCTCGCTAGAGTGCCCAACTAAATGATGGCAACTAACA	KC:i:769
S	21266	TTAGTTGCCATCATTTAGTTGGGCACTCTAGCGAGACTGCCGGTAATAAACCGGAGGAAGGTGGGGATGACGTCAAATCATCATGCCCCTTATGACCTGGGCTACACACGTGCTACAATGGCTGGTAAAACGAGTCGCAAGCC	KC:i:144
S	176696	TTAGTTGCCATCATTTAGTTGGGCACTCTAGCGAGACTGCCGGTAATAAACCGGAGGAAGGTGGGGATGACGTCAAATCATCATGCCCCTTATGACCTGGGCTACACACGTGCTACAATGGCTGGTACAA	KC:i:1125
S	155898	GAACGTATTCACCGCAGCGTTGCTGATCTGCGATTACTAGCGACTCCGACTTCATGGGGTCGAGTTGCAGACCCCAATCCGAACTGAGACCGGCTTTTAGGGATTAGCTCCACCTCACAGGATCGCAACCCTCTGTACCGGCCATTGTAGCATGCGGGAAGCCCAAGACATAAGGGGCATTATGATTTGACGTCATCCCCACCTTCCTCCGAGTTAACCCCGGCAGTCTCCTATGAGTCCCCACCATCACGTGCTGGCAACATAGAACGAGGGTTGCGCTCGTTGCGGGACTTAACCCAACATCTCAC	KC:i:416
S	174378	TGCGATCCTGTGAGGTGGAGCTAATCCCTAAAAGCCGGTCTCAGTTCGGATTGGGGTCTGCAACTCGACCCCATGAAGTCGGAGTCGCTAGTAATCGCAGATCAGCAACGCTGCGGTGAATACGTTCGCGGGAC	KC:i:31
S	174432	TGCGATCCTGTGAGGTGGAGCTAATCCCTAAAAGCCGGTCTCAGTTCGGATTGGGGTCTGCAACTCGACCCCATGAAGTCGGAGTCGCTAGTAATCGCAGATCAGCAACGCTGCGGTGAATACGTTCACGGGGC	KC:i:31
S	176572	GTTGCCATCATTTAGTTGGGCACTCTAGCGAGACTGCCGGTAATAAACCGGAGGAAGGTGGGGATGACGTCAAATCATCATGCCCCTTATGACCTGGGCTACACACGTGCTACAATGGCTGGTACAACG	KC:i:726
S	164556	CCTTCCTCCGAGTTGACCCCGGCGGTCTCCACTGAGTCCCCAACCGAATTGCTGGCAACAGTGGACGAGGGTTGCGCTCGTTGCGGGACTTAACCCAACATCTCACGACACGAGCTGACGACCCCCATGCA	KC:i:346
S	176886	TGGGGGTCGTCAGCTCGTGTCGTGAGATGTTGGGTTAAGTCCCGCAACGAGCGCAACCCTCGTCCACTGTTGCCAGCAATTCGGTTGGGGACTCAGTGGAGACCGCCGGGGTCAACTCGGAGGAAGGGGGGG	KC:i:33
S	176914	TGGGGGTCGTCAGCTCGTGTCGTGAGATGTTGGGTTAAGTCCCGCAACGAGCGCAACCCTCGTCCACTGTTGCCAGCAATTCGGTTGGGGACTCAGTGGAGACCGCCGGGGTCAACTCGGAGGAAGGTGGGG	KC:i:419
S	164750	CCACCTTCCTCCGAGTTGACCCCGGCGGTCTCCACTGAGTCCCCACCATAACGTGCTGGCAACAGTGAACAAGGGTTGCGCTCGTTGCGGGACTTAACCCAACATCTCACGACACGAGCTGACGACCCCC	KC:i:1303
S	166014	CCACCTTCCTCCGAGTTGACCCCGGCGGTCTCCACTGAGTCCCCACCATAACGTGCTGGCAACAGTGAACAAGGGTTGCGCTCGTTGCGGGACTTAACCCAACATCTCACGACACGAGCTGACGACCTCC	KC:i:806
S	22482	GGTCGTCAGCTCGTGTCGTGAGATGTTGGGTTAAGTCCCGCAACGAGCGCAACCCTTGTTCACTGTTGCCAGCACGTTATGGTGGGGACTCAGTGGAGACCGCCGGGGTCAACTCGGAGGAAGGTGGG	KC:i:702
S	176698	CAACGAGTCGCAAGCCGGTGACGGCAAGCTAATCTCTTAAAGCCAGTCTCAGTTCGGATTGTAGGCTGCAACTCGCCTACATGAAGTCGGAATCGCTAGTAATCGCGGATCAGCACGCCGCGGTGAATACG	KC:i:1481
S	174526	TTCACCGCGGCGTGCTGATCCGCGATTACTAGCGATTCCGACTTCATGTAGGCGAGTTGCAGCCTACAATCCGAACTGAGACTGGCTTTAAGAGATTAGCTTGCCGTCACCGGCTTGCGACTCGTTGGACCAGCCATTGTAGCACGTGTGTAGCCCAGGTCATAAGGGGCATGATGATTTGACGTCATCCCCCCCTTCCTCCGGTTTATTACCGGCA	KC:i:1370
S	21290	CCCCCCTTCCTCCGAGTTGACCCCGGCAGTCTCCTATGAGTCCCCACCATAACGTGCTGGCAACATAGAACGAGGGTTGCGCTCGTTGCGGGACTTAACCCAACATCTCACGACACGAGCTGACGACT	KC:i:13
S	176828	GTCGTCAGCTCGTGTCGTGAGATGTTGGGTTAAGTCCCGCAACGAGCGCAACCCTCGTTCTATGTTGCCAGCACGTTATGGTGGGGACTCATAGGAGACTGCCGGGGTCAACTCGGAGGAAGGGGGGGATGACGTCAAATCATCATGCCCCTTATGTCTTGGGCTTCACGCATGCTACAATGGCCGGTACAGAGGGTTGCGATACTGTGAGGTGGAGCTAATCCCTAAAAGCCGGTCTCAGTTCGGATTGG	KC:i:3533
S	174428	TGCCATCATTTAGTTGGGCACTCTAGCGAGACTGCCGGTAATAAACCGGAGGAAGGTGGGGATGACGTCAAATCATCATGCCCCTTATGACCTGGGCTACACACGTGCTACAATGGCTGGTACAACGGGTCGCAAGCCGGTGACGGCAAGCTAATCTCTTAAAGCCAGTCTCAGTTCGGATTGTAGGCTGCAACTCGCCTACATGAAGTCGGAATCGCTA	KC:i:555
S	176580	TGCCATCATTTAGTTGGGCACTCTAGCGAGACTGCCGGTAATAAACCGGAGGAAGGTGGGGATGACGTCAAATCATCATGCCCCTTATGACCTGGGCTACACACGTGCTACAATGGCTGGTACAACGAG	KC:i:721
S	21614	GACTGTGAGGTGGAGCTAATCCCTAAAAGCCGGTCTCAGTTCGGATTGGGGTCTGCAACTCGACCCCATGAAGTCGGAGTCGCTAGTAATCGCAGATCAGCAACGCTGCGGTGAATACGTTCACGGGG	KC:i:6
S	22314	TGCGATACTGGGAGGTGGAGCTAATCCCTAAAAGCCGGTCTCAGTTCGGATTGGGGTCTGCAACTCGACCCCATGAAGTCGGAGTCGCTAGTAATCGCAGATCAGCAACGCTGCGGTGAATACGTTCACGGG	KC:i:130
S	22316	TGCGATACTGGGAGGTGGAGCTAATCCCTAAAAGCCGGTCTCAGTTCGGATTGGGGTCTGCAACTCGACCCCATGAAGTCGGAGTCGCTAGTAATCGCAGATCAGCAACGCTGCGGTGAATACGTTCGCGGG	KC:i:60
S	175654	GTCGTCAGCTCGTGTCGTGAGATGTTGGGTTAAGTCCCGCAACGAGCGCAACCCCTATTGTTAGTTGCCATCATTGAGTTGGGCACTCTAGCGAGACTGCCGGTAATAAACCGGAGGAAGGTGGGGATGACGTCAAATCATCATGCCCCTTATGACCTGGGCTACA	KC:i:12007
S	174594	TCCCCACCTTCCTCCGGTTTATTACCGGCAGTCTCGCTAGAGTGCCCAACTCAATGATGGCAACTAACAATAGGGGTTGCGCTCGTTGCGGGACTTAACCCAACATCTCACGACACGAGCTGACGACTTCCAT	KC:i:573
S	174596	TCCCCACCTTCCTCCGGTTTATTACCGGCAGTCTCGCTAGAGTGCCCAACTCAATGATGGCAACTAACAATAGGGGTTGCGCTCGTTGCGGGACTTAACCCAACATCTCACGACACGAGCTGACGACCCCCAT	KC:i:713
S	177128	GCACGTTATGGTGGGGACTCATAGGAGACTGCCGGGGTCAACTCGGAGGAAGGTGGGGATGACGTCAAATCATCATGCCCCTTATGTCTTGGGCTTCACGCATGCTACAATGGCCGGTACAGAGGGTTGCGA	KC:i:6202
S	175748	GTCGTCAGCTCGTGTCGTGAGATGTTGGGTTAAGTCCCGCAACGAGCGCAACCCCTATTGTTAGTTGCCATCATTCAGTTGGGCACTCTAGCGAGACTGCCGGTAATAAACCGGAGGAAGGTGGGGATGACGTCAAATCATCATGCCCCTTATGACCTGGGCTACA	KC:i:21784
S	22426	TCCCCACCTTCCTCCGGTTTATTACCGGCAGTCTCGCTAGAGTGCCCAACTGAATGATGGCAACTAACAATAGGGGTTGCGCTCGTTGCGGGACTTAACCCAACATCTCACGACACGAGCTGACGACC	KC:i:340
S	176912	TCCCCACCTTCCTCCGGTTTATTACCGGCAGTCTCGCTAGAGTGCCCAACTGAATGATGGCAACTAACAATAGGGGTTGCGCTCGTTGCGGGACTTAACCCAACATCTCACGACACGAGCTGACGACTCCCAT	KC:i:802
S	165686	CCGACTTCATGAGGTCGAGTTGCAGACCCCAATCCGAACTGAGACCGGCTTTCCGAGATTCGCTCACCCTCACAGGCTCGCCACCCTCTGTACCAGCCATTGTAGCATGCGTGAAGCCCTGGACATAAGGGGCATGATG	KC:i:317
S	176894	TATGTCCAGGGCTTCACGCATGCTACAATGGCTGGTACAGAGGGTGGCGAGCCTGTGAGGGTGAGCGAATCTCGGAAAGCCGGTCTCAGTTCGGATTGGGGTCTGCAACTCGACCTCATGAAGTCGGAGTCGCTAGTAATCGCAGATCAGCAACGCTGCGGTGAATACGT	KC:i:2198
S	21716	GGCTTGCGGCTCGTTGTACCAGCCATTGTAGCACGTGTGTAGCCCAGGTCATAAGGGGCATGATGATTTGACGTCATCCCCACCTTCCTCCGGTTTATTACCGGCAGTCTCGCTAGAGTGCCCAACTAAATGATGG	KC:i:36
S	21718	GGCTTGCGGCTCGTTGTACCAGCCATTGTAGCACGTGTGTAGCCCAGGTCATAAGGGGCATGATGATTTGACGTCATCCCCACCTTCCTCCGGTTTATTACCGGCAGTCTCGCTAGAGTGCCCAACTGAATGATGG	KC:i:72
S	23048	TGTGTACAAGTCCCGTGAACGTATTCACCGCGGCGTGCTGATCCGCGATTACTAGCGATTCCGACTTCCTGTAGGCGAGTTGCAGCCTACAATCCGAACTGAGACTGGCTTTAAGAGATTAGCTTGCCGTCACCG	KC:i:48
S	25976	AGGCGGTGACGGCAAGCTAATCTCTTAAAGCCAGTCTCAGTTCGGATTGTAGGCTGCAACTCGCCTACATGAAGTCGGAATCGCTAGTAATCGCGGATCAGCACGCCGCGGTGAATACGTTCGCGGGGCT	KC:i:15
S	25472	GGCGGGCCTGTGAGGGTGAGCGAATCTCGGAAAGCCGGTCTCAGTTCGGATTGGGGTCTGCAACTCGACCTCATGAAGTCGGAGTCGCTAGTAATCGCAGATCAGCAACGCTGCGGTGAATACGTTCACGGG	KC:i:155
S	25474	GGCGGGCCTGTGAGGGTGAGCGAATCTCGGAAAGCCGGTCTCAGTTCGGATTGGGGTCTGCAACTCGACCTCATGAAGTCGGAGTCGCTAGTAATCGCAGATCAGCAACGCTGCGGTGAATACGTTCGCGGG	KC:i:90
S	25374	TCCCCCCCTTCCTCCGGTTTATTACCGGCAGTCTCGCTAGAGTGCCCAACTGAATGATGGCAACTAACAATAGGGGTTGCGCTCGTTGCGGGACTTAACCCAACATCTCACGACACGAGCTGACGACC	KC:i:11
S	176854	TCCCCCCCTTCCTCCGGTTTATTACCGGCAGTCTCGCTAGAGTGCCCAACTGAATGATGGCAACTAACAATAGGGGTTGCGCTCGTTGCGGGACTTAACCCAACATCTCACGACACGAGCTGACGACTCCCAT	KC:i:63
S	165672	GAACGTATTCACCGCAGCGTTGCTGATCTGCGATTACTAGCGACTCCGACTTCATGAGGTCGAGTTGCAGACCCCAATCCGAACTGAGACCGGCTTTCCGAGATTCGCTCACCCTCCCAGGCTCGCCACTCTCTGTACCAGCCATTGTAGCATGCGTGAAGCCCTGGACATAAGGGGCATGATGACTTGACGTCATCCCCACCTTCCTCCGAGTTGACCCCGGCGGTCTCCACTGAGTCCCCAC	KC:i:2304
S	174438	GGCGAGCCTGGGAGGGTGAGCGAATCTCGGAAAGCCGGTCTCAGTTCGGATTGGGGTCTGCAACTCGACCTCATGAAGTCGGAGTCGCTAGTAATCGCAGATCAGCAACGCTGCGGTGAATACGTTCACGGGACTTGT	KC:i:109
S	176900	GGCGAGCCTGGGAGGGTGAGCGAATCTCGGAAAGCCGGTCTCAGTTCGGATTGGGGTCTGCAACTCGACCTCATGAAGTCGGAGTCGCTAGTAATCGCAGATCAGCAACGCTGCGGTGAATACGTTCGCGGGACTTGT	KC:i:59
S	23420	TGCTGTGAGGTGGAGCTAATCCCTAAAAGCCGGTCTCAGTTCGGATTGGGGTCTGCAACTCGACCCCATGAAGTCGGAGTCGCTAGTAATCGCAGATCAGCAACGCTGCGGTGAATACGTTCACGGGAC	KC:i:18
S	23424	TGCTGTGAGGTGGAGCTAATCCCTAAAAGCCGGTCTCAGTTCGGATTGGGGTCTGCAACTCGACCCCATGAAGTCGGAGTCGCTAGTAATCGCAGATCAGCAACGCTGCGGTGAATACGTTCACGGGGC	KC:i:10
S	141636	TGCATGGGAGTCGTCAGCTCGTGTCGTGAGATGTTGGGTTAAGTCCCGCAACGAGCGCAACCCTCGTCCACTGTTGCCAGCAATTCGGTTGGGGACTCAGTGGAGACCGCCGGGGTCAACTCGGAGGAAGG	KC:i:165
S	176676	GGGCTACACACGTGCTACAATGGCTGGTACAACGAGTCGCAAGCCGGTGACGGCAAGCTAATCTCTTAAAGCCAGTCTCAGTTCGGATTGTAGGCTGCAACTCGCCTACATGAAGTCGGAATCGCTAGTAATCGCGG	KC:i:2047
S	165886	ACGTATTCACCGCAGCGTTGCTGATCTGCGATTACTAGCGACTCCGACTTCATGGGGTCGAGTTGCAGACCCCAATCCGAACTGAGACCGGCTTTCCGAGATTCGCTCACCCTCACAGGCTCGCCACTCTCTGTACCAGCCATTGTAGCATGCGTGAAGCCCTGGACATAAGGGGCATGATG	KC:i:368
S	165086	CTGTGAGGTGGAGCTAATCCCTAAAAGCCGGTCTCAGTTCGGATTGGGGTCTGCAACTCGACCCCATGAAGTCGGAGTCGCTAGTAATCGCAGATCAGCAACGCTGCGGTGAATACGTTCGCGGGGCTT	KC:i:375
S	25888	GCCCCGCGAACGTATTCACCGCAGCGTTGCTGATCTGCGATTACTAGCGACTCCGACTTCATGGGGTCGAGTTGCAGACCCCAATCCGAACTGAGACCGGCTTTTAGGGATTAGCTCCACCTCACAGT	KC:i:181
S	25246	GTGAGGTGGAGCTAATCCCTAAAAGCCGGTCTCAGTTCGGATTGGGGTCTGCAACTCGACCCCATGAAGTCGGAGTCGCTAGTAATCGCAGATCAGCAACGCTGCGGTGAATACGTTCGCGGGGCTTGT	KC:i:382
S	164930	GAACGTATTCACCGCGGCGTGCTGATCCGCGATTACTAGCGATTCCGACTTCCTGTAGGCGAGTTGCAGCCTACAATCCGAACTGAGACTGGCTTTAAGAGATTAGCTTGCCGTCACCGGCTTGCGACTCGTTGTACCAGCCATTGTAGCACGTGTGTAGCCCAGGTCATAAGGGGCATG	KC:i:192
S	164432	TCGCAAGCCGGTGACGGCAAGCTAATCTCTTAAAGCCAGTCTCAGTTCGGATTGTAGGCTGCAACTCGCCTACAGGAAGTCGGAATCGCTAGTAATCGCGGATCAGCACGCCGCGGTGAATACGTTCACGGGACT	KC:i:29
S	163766	TGCGATACGGTGAGGTGGAGCTAATCCCTAAAAGCCGGTCTCAGTTCGGATTGGGGTCTGCAACTCGACCCCATGAAGTCGGAGTCGCTAGTAATCGCAGATCAGCAACGCTGCGGTGAATACGTTCACGGGACTT	KC:i:32
S	165288	TGCGATACGGTGAGGTGGAGCTAATCCCTAAAAGCCGGTCTCAGTTCGGATTGGGGTCTGCAACTCGACCCCATGAAGTCGGAGTCGCTAGTAATCGCAGATCAGCAACGCTGCGGTGAATACGTTCGCGGGGCTT	KC:i:32
S	26100	GTACAAGTCCCGTGAACGTATTCACCGCAGCGTTGCTGATCTGCGATTACTAGCGACTCCGACTTCATGAGGTCGAGTTGCAGACCCCAATCCGAACTGAGACCGGCTTTCCGAGATTCGCTCACCCTC	KC:i:694
S	176814	GTACAAGTCCCGTGAACGTATTCACCGCAGCGTTGCTGATCTGCGATTACTAGCGACTCCGACTTCATGAGGTCGAGTTGCAGACCCCAATCCGAACTGAGACCGGCTTTCCGAGATTCGCTCACCCCCACAGGCTCGCCACTCTCTGTACCAGCCATTGTAGCATGCGTGAAGCCCTGGACATAAGGGGCATGATGACTTGACGTCATCCCCACCTTCCTCCGAGTTGACCCCGGCGGTCTCCACTGAGT	KC:i:903
S	175008	GTGCATGGGGGTCGTCAGCTCGTGTCGTGAGATGTTGGGTTAAGTCCCGCAACGAGCGCAACCCCTATTGTTAGTTGCCATCATTTAGTTGGGCACTCTAGCGAGACTGCCGGTAATAAACCGGAGGAAGG	KC:i:517
S	164254	GGGCTACACACGTGCTACAATGGCTGGTACAACGGGTCGCAAGCCGGTGACGGCAAGCTAATCTCTTAAAGCCAGTCTCAGTTCGGATTGTAGGCTGCAACTCGCCTACATGAAGTCGGAATCGCTAGTAATCGCGGATCAGCACGCCGCGGTGAATACGTT	KC:i:1314
S	154166	TTTGATATACATTCATGCGGTATGTCTGATGAGGTTTGTTTTTTTTTTTCAAGCAGAAGACGGCATACGAGATTCGCCTTAGTCTCGTGGGCTCGGAGATGTGTATAAGAGACAGTGTGTACAAGTCCCGCGAACGGCACGACGAAGACCTTCACGATGGATTCGAGCTTCGACGGCGAAAGCTTCTACTTCAAGGCGGGCGACTACGACCAGACGGCCGTGTCCGGCACACCGCTGACGAC	KC:i:1620
S	175712	TGCATGGGGGTCGTCAGCTCGTGTCGTGAGATGTTGGGTTAAGTCCCGCAACGAGCGCAACCCTTGTTCACTGTTGCCAGCACGTTATGGTGGGGACTCAGTGGAGACCGCCGGGGTCAACTCGGAGGAAGG	KC:i:2199
S	164500	AGTCGGTGACGGCAAGCTAATCTCTTAAAGCCAATCTCAGTTCGGATTGTAGGCTGCAACTCGCCTACATGAAGTCGGAATCGCTAGTAATCGCGGATCAGCACGCCGCGGTGAATACGTTCACGGGGCT	KC:i:155
S	176864	TGCATGGGAGTCGTCAGCTCGTGTCGTGAGATGTTGGGTTAAGTCCCGCAACGAGCGCAACCCTCGTTCTATGTTGCCAGCACGTTATGGTGGGGACTCATAGGAGACTGCCGGGGGCAACTCGGAGGAAGGGGGGGATGACGTCAAATCATCATGCCCCTTAGGTCTTGGGCTTCACGCATGCTACAATGGCCGGTACAGAGGGTTGCGGTACTGTGAGGTGGAGCTAATCCCTAAAAGCCGGTCTCAGTTCGGATTGGGGTCTGCAACTCGACCCCATGAAGTCGGAGTCGCTAGTAATCGCAGATCAGCAACGCTGCGGTGAATACGTTC	KC:i:854
S	173772	ATAAACCGGAGGAAGGTGGGGATGACGTCAAATCATCATGCCCCTTATGACCTGGGCTACACACGTGCTACAATGGCTGGTACAACGAGTCGCGAGGCGGTGACGGCAAGCTAATCTCTTAAAGCCAGTCTCAGTTCGGATTGTAGGCTGCAACTCGCCTACATGAAGTCGGAATCGCTAGTAATCGCGGATCAGCACGCCGCGGTGAATACGTTC	KC:i:985
S	176266	ATAAACCGGAGGAAGGTGGGGATGACGTCAAATCATCATGCCCCTTATGACCTGGGCTACACACGTGCTACAATGGCTGGTACAACGAGTCGCGAGGCGGTGACGGCAAGCTAATCTCTTAAAGCCAATCTCAGTTCGGATTGTAGGCTGCAACTCGCCTACATGAAGTCGGAATCGCTAGTAATCGCGGATCAGCACGCCGCGGTGAATACGTTCACGGGGCT	KC:i:372
S	165048	TGGCTTTAAGAGATTAGCTTGCCGTCACCGCCTCGCGACTCGTTGTACCAGCCATTGTAGCACGTGTGTAGCCCAGGTCATAAGGGGCATGATGATTTGACGTCATCCCCACCTTCCTCCGGTTTATTACCGGCAGTCTCGCTAGAGTGCCCAACT	KC:i:829
S	165182	CCACCTTCCTCCGAGTTGACCCCGGCAGTCTCCTATGAGTCCCCACCATAACGTGCTGGCAACATAGAACGAGGGTTGCGCTCGTTGCGGGACTTAACCCAACATCTCACGACACGAGCTGACGACCTCC	KC:i:1016
S	175280	GGTCGTCAGCTCGTGTCGTGAGATGTTGGGTTAAGTCCCGCAACGAGCGCAACCCTCGTTCTATGTTGCCAGCACGTTATGGTGGGGACTCATAGGAGACTGCCGGGGTCAACTCGGAGGAAGGTGGG	KC:i:844
S	28634	TGCATGGAGGTCGTCAGCTCGTGTCGTGAGATGTTGGGTTAAGTCCCGCAACGAGCGCAACCCCTATTGTTAGTTGCCATCATTTAGTTGGGCACTCTAGCGAGACTGCCGGTAATAAACCGGAGGAAGG	KC:i:333
S	176930	CCCGTGAACGGCACGACGAAGACCTTCACGATGGATTCGAGCTTCGACGGCGAAAGCTTCTACTTCAAGGCGGGCGACTACGACCAGACGGCCGTGTCCGGCACACCGCTGACGACCCCCATGCACTGTCTCTTATACACATCTGACGCTGCCGACGAATAGAGAGGGGTAGTGACAGGCTGGGTCCGCAGAGTGCTAATAACAAAACAAAGACAAACTGAGGACAGTCTGGAGTATGAA	KC:i:1318
S	26262	CCCCCCCTTCCTCCGAGTTGACCCCGGCGGTCTCCACTGAGTCCCCAACCGAATTGCTGGCAACAGTGGACGAGGGTTGCGCTCGTTGCGGGACTTAACCCAACATCTCACGACACGAGCTGACGACT	KC:i:18
S	175446	GTCGTCAGCTCGTGTCGTGAGATGTTGGGTTAAGTCCCGCAACGAGCGCAACCCTCGTCCACTGTTGCCAGCAATTCGGTTGGGGACTCAGTGGAGACCGCCGGGGTCAACTCGGAGGAAGGGGGGGATGACGTCAAGTCATCATGCCCCTTATGTCCAGGGCTTCACGCATGCTACAATGGCCGGTACAGTGAGTTGCGACATCGTAAGGTGGAGCGAATCTCAAAAAGCCGGTCTCAGTTCGGATTGG	KC:i:2803
S	163918	GGCTTGCTACTCGTTGTACCAGCCATTGTAGCACGTGTGTAGCCCAGGTCATAAGGGGCATGATGATTTGACGTCATCCCCACCTTCCTCCGGTTTATTACCGGCAGTCTCGCTAGAGTGCCCAACTAAATGATG	KC:i:27
S	165624	GGCTTGCTACTCGTTGTACCAGCCATTGTAGCACGTGTGTAGCCCAGGTCATAAGGGGCATGATGATTTGACGTCATCCCCACCTTCCTCCGGTTTATTACCGGCAGTCTCGCTAGAGTGCCCAACTCAATGATG	KC:i:36
S	157204	TACAAGTCCCGTGAACGTATTCACCGCGGCGTGCTGATCCGCGATTACTAGCGATTCCGACTTCATGTAGGCGAGTTGCAGCCTACAATCCGAACTGAGATTGGCTTTAAGAGATTAGCTTGCCGTCCCCGACT	KC:i:71
S	174386	TACAAGTCCCGTGAACGTATTCACCGCGGCGTGCTGATCCGCGATTACTAGCGATTCCGACTTCATGTAGGCGAGTTGCAGCCTACAATCCGAACTGAGATTGGCTTTAAGAGATTAGCTTGCCGTCACCGACT	KC:i:571
S	175094	AGCACGTTATGGGGGGGACTCATAGGAGACTGCCGGGGTCAACTCGGAGGAAGGTGGGGATGACGTCAAATCATCATGCCCCTTATGTCTTGGGCTTCACGCATGCTACAATGGCCGGTACAGAGGGTTGCGATACTGTG	KC:i:95
S	175610	CCAGCCATTGTAGCACGTGTGTAGCCCAGGTCATAAGGGGCATGATGATTTGACGTCATCCCCACCTTCCTCCGGTTTATTACCGGCAGTCTCGCTAGAGTGCCCAACTCAATGATGGCAACTAACAATA	KC:i:1375
S	165692	TGTTAGTTGCCATCATTGAGTTGGGCACTCTAGCGAGACTGCCGGTAATAAACCGGAGGAAGGTGGGGATGACGTCAAATCATCATGCCCCTTATGACCTGGGCTACACACGTGCTACAATGGCTGGGACAACGAGTCGC	KC:i:370
S	164614	TGTGTACAAGTCCCGCGAACGTATTCACCGCGGCGTGCTGATCCGCGATTACTAGCGATTCCGACTTCATGTAGGCGAGTTGCAGCCTACAATCCGAACTGAGACTGGCTTTAAGAGATTAGCTTGCCGTC	KC:i:763
S	145642	AGTTGGGCACTCTAGCGAGACTGCCGGTAATAAACCGGAGGAAGGTGGGGATGACGTCAAATCATCATGCCCCTTATGACCTGGGCTACACACGTGCTACAATGGCTGGTACAACGAGTGGCAAGCCGGTGACGGCAAGCTAATCTCTTAAAGCCAGTCTCAGTTC	KC:i:279
S	164974	GGCTTGCCACTCGTTGTACCAGCCATTGTAGCACGTGTGTAGCCCAGGTCATAAGGGGCATGATGATTTGACGTCATCCCCACCTTCCTCCGGTTTATTACCGGCAGTCTCGCTAGAGTGCCCAACTAAATGATG	KC:i:43
S	165632	GGCTTGCCACTCGTTGTACCAGCCATTGTAGCACGTGTGTAGCCCAGGTCATAAGGGGCATGATGATTTGACGTCATCCCCACCTTCCTCCGGTTTATTACCGGCAGTCTCGCTAGAGTGCCCAACTCAATGATG	KC:i:46
S	174536	CTCGCGACTCGTTGTACCAGCCATTGTAGCACGTGTGTAGCCCAGGTCATAAGGGGCATGATGATTTGACGTCATCCCCACCTTCCTCCGGTTTATTACCGGCAGTCTCGCTAGAGTGCCCAACTAAATG	KC:i:178
S	27952	TTAGTTGGGCACTCTAGCGAGACTGCCGGTAATAAACCGGAGGAAGGTGGGGATGACGTCAAATCATCATGCCCCTTATGACCTGGGCTACACACGTGCTACAATGGCTGGTACAACGAGTCGCGAGGC	KC:i:14
S	26152	TGCATGGAAGTCGTCAGCTCGTGTCGTGAGATGTTGGGTTAAGTCCCGCAACGAGCGCAACCCCTATTGTTAGTTGCCATCATTGAGTTGGGCACTCTAGCGAGACTGCCGGTAATAAACCGGAGGAAGG	KC:i:279
S	175684	GTGAGATGTTGGGTTAAGTCCCGCAACGAGCGCAACCCTCGTTCTATGTTGCCAGCACGTGATGGTGGGGACTCATAGGAGACTGCCGGGGTTAACTCGGAGGAAGGTGGGGATGACGTCAAATCATCATGCCCCTTATGTCTTGGGCTTCACGCATGCTACAATGGCCGGTACAGAGGGTTGCGATACTGTG	KC:i:6405
S	28066	CGCAAGCCGGTGACGGCAAGCTAATCTCTTAAAGCCAGTCTCAGTTCGGATTGTAGGCTGCAACTCGCCTACATGAAGTCGGAATCGCTAGTAATCGCGGATCAGCACGCCGCGGTGAATACGTTCACGGG	KC:i:1156
S	28068	TGAACGTATTCACCGCGGCGTGCTGATCCGCGATTACTAGCGATTCCGACTTCATGTAGGCGAGTTGCAGCCTACAATCCGAACTGAGACTGGCTTTAAGAGATTAGCTTGCCGTCACCGGCTTGCGA	KC:i:261
S	28070	TGAACGTATTCACCGCGGCGTGCTGATCCGCGATTACTAGCGATTCCGACTTCATGTAGGCGAGTTGCAGCCTACAATCCGAACTGAGACTGGCTTTAAGAGATTAGCTTGCCGTCACCGGCTTGCGC	KC:i:14
S	28072	TGAACGTATTCACCGCGGCGTGCTGATCCGCGATTACTAGCGATTCCGACTTCATGTAGGCGAGTTGCAGCCTACAATCCGAACTGAGACTGGCTTTAAGAGATTAGCTTGCCGTCACCGGCTTGCGG	KC:i:10
S	174544	AGCCCCGCGAACGTATTCACCGCGGCGTGCTGATCCGCGATTACTAGCGATTCCGACTTCATGTAGGCGAGTTGCAGCCTACAATCCGAACTGAGACTGGCTTTAAGAGATTAGCTTGCCGTCCCCGGCTTGCGA	KC:i:34
S	32054	TGCATGGAGGTCGTCAGCTCGTGTCGTGAGATGTTGGGTTAAGTCCCGCAACGAGCGCAACCCTCGTTCTATGTTGCCAGCACGTTATGGTGGGGACTCATAGGAGACTGCCGGGGTCAACTCGGAGG	KC:i:353
S	175724	TGCATGGGAGTCGTCAGCTCGTGTCGTGAGATGTTGGGTTAAGTCCCGCAACGAGCGCAACCCCTATTGTTAGTTGCCATCATTCAGTTGGGCACTCTAGCGAGACTGCCGGTAATAAACCGGAGGAAGG	KC:i:370
S	30318	GGGGGTCGTCAGCTCGTGTCGTGAGATGTTGGGTTAAGTCCCGCAACGAGCGCAACCCTCGTTCTATGTTGCCAGCACGTTATGGTGGGGACTCATAGGAGACTGCCGGGGTCAACTCGGAGGAAGGGGG	KC:i:69
S	175272	GGGGGTCGTCAGCTCGTGTCGTGAGATGTTGGGTTAAGTCCCGCAACGAGCGCAACCCTCGTTCTATGTTGCCAGCACGTTATGGTGGGGACTCATAGGAGACTGCCGGGGTCAACTCGGAGGAAGGTGG	KC:i:1520
S	143962	AGAGATTAGCTTGCCGTCACCGGCTTGCGACTCGTTGTACCAGCCATTGTAGCACGTGTGTAGCCCCGGTCATAAGGGGCATGATGATTTGACGTCATCCCCACCTTCCTCCGGTTTATTACCGGCAGTCTCGCTAGAGTGC	KC:i:45
S	174322	TGCCGGTAATAAACCGGAGGAAGGTGGGGATGACGTCAAATCATCATGCCCCTTATGACCGGGGCTACACACGTGCTACAATGGCTGGTACAACGAGTCGCAAGCCGGTGACGGCAAGCTAATCTCTGAAAGCCAGTCTCAGTTCGGATTGTAGGCTGCAACTCGCCTACATGAAGTCGGAATCGCTA	KC:i:352
S	174618	TGCCGGTAATAAACCGGAGGAAGGTGGGGATGACGTCAAATCATCATGCCCCTTATGACCGGGGCTACACACGTGCTACAATGGCTGGTACAACGAGTCGCAAGCCGGTGACGGCAAGCTAATCTCTTAAAGCCAGTCTCAGTTCGGATTGTAGGCTGCAACTCGCCTACATGAAGTCGGAATCGCTA	KC:i:1080
S	31164	TGTGTACAAGCCCCGCGAACGTATTCACCGCGGCGTGCTGATCCGCGATTACTAGCGATTCCGACTTCATGTAGGCGAGTTGCAGCCTACAATCCGAACTGAGACTGGCTTTAAGAGCTTAGCTTGCCGTCACCG	KC:i:40
S	157544	AACTCGGAGGAAGGTGGGGATGACGTCAAATCATCATGCCCCTTATGTCTTGGGCTTCACGCATGCTACAATGGCCGGTACAGAGGGTTGCGATACTGTGCGGTGGAGCTAATCCCTAAAAGCCGGTCTCAGT	KC:i:92
S	143242	AGTGCATGGAAGTCGTCAGCGGTGTGCCGGACACGGCCGTCTGGTCGTAGTCGCCCGCCTTGAAGTAGAAGCTTTCGCCGTCGAAGCTCGAATCCATCGTGAAGGTCTTCGTCGTGCCGTTCACGGGACTTGTACACA	KC:i:127
S	143396	AGTGCATGGAAGTCGTCAGCGGTGTGCCGGACACGGCCGTCTGGTCGTAGTCGCCCGCCTTGAAGTAGAAGCTTTCGCCGTCGAAGCTCGAATCCATCGTGAAGGTCTTCGTCGTGCCGTTCACGGGGCTTGTACACA	KC:i:265
S	157480	TGTGTACAAGTCCCGTGAACGTATTCACCGCGGCGTGCTGATCCGCGATTACTAGCGATTCCGACTTCATGTAGGCGAGTTGCAGCCTACAATCCGAACTGAGATTGGCTTTAAGAGATTAGCTTGCCGTC	KC:i:393
S	165286	CTGTGAGGTGGAGCTAATCCCTAAAAGCCGGTCTCAGTTCGGATTGGGGTCTGCAACTCGACCCCATGAAGTCGGAGTCGCTAGTAATCGCAGATCAGCAACGCTGCGGTGAATACGTTCGCGGGACTTGT	KC:i:1108
S	174478	GTCCCGCGAACGTATTCACCGCAGCGTTGCTGATCTGCGATTACTAGCGACTCCGACTTCATGGGGTCGAGTTGCAGACCCCAATCCGAACTGAGACCGGCTTTTAGGGATTAGCTCCACCTCACAGTA	KC:i:538
S	29332	CCCACCTTCCTCCGAGTTGACCCCGGCAGTCTCCTATGAGTCCCCACCATAACGTGCTGGCAACATAGAACGAGGGTTGCGCTCGTTGCGGGACTTAACCCAACATCTCACGACACGAGCTGACGACT	KC:i:600
S	177180	GTCGTCAGCTCGTGTCGTGAGATGTTGGGTTAAGTCCCGCAACGAGCGCAACCCTCGTTCTATGTTGCCAGCACGTTATGGTGGGGACTCATAGGAGACTGCCGGGGTCAACTCGGAGGAAGGTGGGGATGACGTCAAATCATCATGCCCCTTATGTCTTGGGCTTCACGCATGCTACAATGGCCGGTACAGAGGG	KC:i:95439
S	30230	TGTGTACAAGCCCCGTGAACGGCACGACGAAGACCTTCACGATGGATTCGAGCTTCGACGGCGAAAGCTTCTACTTCAAGGCGGGCGACTACGACCAGACGGCCGTGTCCGGCACACCGCTGACGACC	KC:i:24
S	177136	TTATGGTGGGGACTCATAGGAGACTGCCGGGGTCAACTCGGAGGAAGGTGGGGATGACGTCAAATCATCATGCCCCTTATGTCTTGGGCTTCACGCATGCTACAATGGCCGGTACAGAGGGTTGCGAT	KC:i:1201
S	164112	GAACGTATTCACCGCAGCGTTGCTGATCTGCGATTACTAGCGACTCCGACTTCATGGGGTCGAGTTGCAGACCCCAATCCGAACTGAGACCGGCTTTTAGGGATTAGCTCCCCCTCACAGTATCGCAACCCTCTGTACCGGCCATTGTAGCATGCGTGAAGCCCAAGACATAAGGGGCATGCTGATTTGACGTCATCCCCACCTCCCTCCCCGCCCACCCCGCCCCCCCCCCACC	KC:i:555
S	29292	TGCGATACTGTGAGGGGGAGCTAATCCCTAAAAGCCGGTCTCAGTTCGGATTGGGGTCTGCAACTCGACCCCATGAAGTCGGAGTCGCTAGTAATCGCAGATCAGCAACGCTGCGGTGAATACGTTCGCGGG	KC:i:45
S	145444	TGTGTACAAGTCCCGTGAACGTATTCACCGCAGCGTTGCTGATCTGCGATTACTAGCGACTCCGACTTCATGGGGTCGAGTTGCAGACCCCAATCCGAACTGAGACCGGCTTTCCGAGATTCGCTCACCCTCACAGGCTCGCCAC	KC:i:121
S	165984	CCATTGTAGCACGTGTGTAGCCCAGGTCATAAGGGGCATGATGATTTGACGTCATCCCCCCCTTCCTCCGGTTTATTACCGGCAGTCTCGCTAGAGTGCCCAACTGAATGATGGCAACTAACAATAGGGGTTGCGCTCGTTGCGGGACTTAACCCAACATCTCACGACACGAGCTGACGAC	KC:i:694
S	149650	CTATTGTTAGTTGCCATCATTCAGTTGGGCACTCTAGCGAGACTGCCGGTAATAAACCGGAGGAAGGGGGGGATGACGTCAAATCATCATGCCCCTTATGACCTGGGCTACACACGTGCTACAATGGTTGGTACAACGAGTTGCGAGTCGGTGACGGCAAGCTAATCTCTTAAAGCCAATCTCAGTTCGGATTGT	KC:i:310
S	176274	CTATTGTTAGTTGCCATCATTCAGTTGGGCACTCTAGCGAGACTGCCGGTAATAAACCGGAGGAAGGGGGGGATGACGTCAAATCATCATGCCCCTTATGACCTGGGCTACACACGTGCTACAATGGCTGGTACACCGAGTCGCAAGCCGGTGACGGCAAGCTAATCTCTGAAAGCCAGTCTCAGTTCGGATTGTAGGCTGCAACTCGCCTACATGAAGTCGGAATCGCTAGTAATCGCGGATCAGCACGCCGCGGTGAATAC	KC:i:500
S	174614	GAGACTGCCGGTAATAAACCGGAGGAAGGTGGGGATGACGTCAAATCATCATGCCCCTTATGACCTGGGCTACACACGTGCTACAATGGCTGGTACAACGAGTCGCGAGTCGGTGACGGCAAGCTAAGCTCTTAAAGCCAGTCTCAGTTCGGATTGTAGGCTGCAACTCGCCTACATGAAGTCGGAATCGCTAGTAATCGCGGATCAGCACGCCGCGGTGAATACGTTCGCGGGGCT	KC:i:416
S	176922	GAGACTGCCGGTAATAAACCGGAGGAAGGTGGGGATGACGTCAAATCATCATGCCCCTTATGACCTGGGCTACACACGTGCTACAATGGCTGGTACAACGAGTCGCGAGTCGGTGACGGCAAGCTAATCTCTTAAAGCCAGTCTCAGTTCGGATTGT	KC:i:4861
S	31338	GGTCGTCAGCTCGTGTCGTGAGATGTTGGGTTAAGTCCCGCAACGAGCGCAACCCTCGTTCTATGTTGCCAGCACGTTATGGTGGGGACTCATAGGAGACTGCCGGGGTCAACTCGGAGGAAGGGGGG	KC:i:34
S	29466	GCATGGGAGTCGTCAGCTCGTGTCGTGAGATGTTGGGTTAAGTCCCGCAACGAGCGCAACCCTCGTTCTATGTTGCCAGCACGTTATGGTGGGGACTCATAGGAGACTGCCGGGGTCAACTCGGAGGGAGGTGG	KC:i:35
S	30640	GTCGCAAGCCGGTGACGGCAAGCTAATCTCTTAAAGCCAGTCTCAGTTCGGATTGTAGGCTGCAACTCGCCTACATGAAGTCGGAATCGCTAGTAATCGCGGATCAGCACGCCGCGGTGAATACGTTC	KC:i:421
S	147388	ACCTGAGACCGGCTTTCCGAGATTCGCTCCCCCCCACAGGCTCGCCACTCTCTGTACCAGCCATTGTAGCATGCGTGAAGCCCTGGACATAAGGGGCATGATGACTTGACGTCATCCCCACCTTCCTCCGAGTTGACCCCGGCGGTCTCCACTGAGT	KC:i:743
S	174272	GAACGTATTCACCGCAGCGTTGCTGATCTGCGATTACTAGCGACTCCGACTTCATGGGGTCGAGTTGCAGACCCCAATCCGAACTGAGACCGGCTTTTAGGGATTAGCTCCACCCCACAGTATCGCAACCCTCTGTACCGGCCATTGTAGCATGCGTGAAGCCCAAGACATAAGGGGCATGAGGATTTGACGTCATCCCCACCTTCCTCCGCGTTGACCCCGGCGGTCTCCTATG	KC:i:528
S	30586	TGCGATACTGTGGGGTGGAGCTAATCCCTAAAAGCCGGTCTCAGTTCGGATTGGGGTCTGCAACTCGACCCCATGAAGTCGGAGTCGCTAGTAATCGCAGATCAGCAACGCTGCGGTGAATACGTTCGCGGG	KC:i:60
S	176870	TGCGATACTGTGGGGTGGAGCTAATCCCTAAAAGCCGGTCTCAGTTCGGATTGGGGTCTGCAACTCGACCCCATGAAGTCGGAGTCGCTAGTAATCGCAGATCAGCAACGCTGCGGTGAATACGTTCACGGGACTTGTAC	KC:i:67
S	30304	TGCATGGAGGTCGTCAGCTCGTGTCGTGAGATGTTGGGTTAAGTCCCGCAACGAGCGCAACCCCTATTGTTAGTTGCCATCATTCAGTTGGGCACTCTAGCGAGACTGCCGGTAATAAACCGGAGGAAGG	KC:i:444
S	164628	GAACGGAGACTGGCTTTAAGAGATTAGCTTGCCGTCACCGGCTTGCTACTCGTTGTACCAGCCATTGTAGCACGTGTGTAGCCCAGGTCATAAGGGGCATGATGATTTGACGTCATCCCCACCTTCCTCCGGTTTATTACCGGCAGTCTCGCTAGAGTGCCCAACT	KC:i:233
S	33936	CCCCCCCTTCCTCCGGTTTATTACCGGCAGTCTCGCTAGAGTGCCCAACTGAATGATGGCAACTAACAATAGGGGTTGCGCTCGTTGCGGGACTTAACCCAACATCTCACGACACGAGCTGACGACCCCCAT	KC:i:30
S	157220	CCCCCCCTTCCTCCGGTTTATTACCGGCAGTCTCGCTAGAGTGCCCAACTGAATGATGGCAACTAACAATAGGGGTTGCGCTCGTTGCGGGACTTAACCCAACATCTCACGACACGAGCTGACGACCTCCAT	KC:i:29
S	176944	GAACGGCACGACGAAGACCTTCACGATGGATTCGAGCTTCGACGGCGAAAGCTTCTACTTCAAGGCGGGCGACTACGACCAGACGGCCGTGTCCGGCACACCGCTGACGACTTCCATGCACTGTCTCTTATACACATCTGACGCTGCCGACGAATAGAGAGGGGTGGAGGACGGTTGGGGCGGTATCGTTAAAAAGAAAAAAACTCGAGAATAGATACTAGTCGAGAGGTAGAGT	KC:i:1557
S	32578	GAGACAGTGCATGGAAGTCGTCAGCGGTGTGCCGGACACGGCCGTCTGGTCGTAGTCGCCCGCCTTGAAGTAGAAGCTTTCGCCGTCGAAGCTCGAATCCATCGTGAAGGTCTTCGTCGTGCCGTTCACGGG	KC:i:110
S	157556	GAGACAGTGCATGGAAGTCGTCAGCGGTGTGCCGGACACGGCCGTCTGGTCGTAGTCGCCCGCCTTGAAGTAGAAGCTTTCGCCGTCGAAGCTCGAATCCATCGTGAAGGTCTTCGTCGTGCCGTTCGCGGGACTTGTACACA	KC:i:268
S	33564	TACTGGGAGGTGGAGCTAATCCCTAAAAGCCGGTCTCAGTTCGGATTGGGGTCTGCAACTCGACCCCATGAAGTCGGAGTCGCTAGTAATCGCAGATCAGCAACGCTGCGGTGAATACGTTCGCGGGACTTGT	KC:i:30
S	174268	TATGTCCAGGGCTTCACGCATGCTACAATGGCTGGTACAGAGAGTGGCGAGCCTGTGAGGGTGAGCGAATCTCGGAAAGCCGGTCTCAGTTCGGATTGGGGTCTGCAACTCGACCTCATGAAGTCGGGGTCGCTAGTAATCGCAGATCAGCAACGCTGCGGTGAATACGT	KC:i:201
S	177300	TATGTCCAGGGCTTCACGCATGCTACAATGGCTGGTACAGAGAGTGGCGAGCCTGTGAGGGTGAGCGAATCTCGGAAAGCCGGTCTCAGTTCGGATTGGGGTCTGCAACTCGACCTCATGAAGTCGGAGT	KC:i:1546
S	176876	TACAAGTCCCGCGAACGTATTCACCGCGGCGTGCTGATCCGCGATTACTAGCGATTCCGACTTCATGTAGGCGAGTTGCAGCCTACAATCCGAACTGAGATTGGCTTTAAGAGATTAGCTTGCCGTCCCCGACTCGCAA	KC:i:61
S	176920	TACAAGTCCCGCGAACGTATTCACCGCGGCGTGCTGATCCGCGATTACTAGCGATTCCGACTTCATGTAGGCGAGTTGCAGCCTACAATCCGAACTGAGATTGGCTTTAAGAGATTAGCTTGCCGTCACCGACTCGCAA	KC:i:1012
S	33586	GTGTACAAGCCCCGTGAACGGCACGACGAAGACCTTCACGATGGATTCGAGCTTCGACGGCGAAAGCTTCTACTTCAAGGCGGGCGACTACGACCAGACGGCCGTGTCCGGCACACCGCTGACGACCCCCATGCACT	KC:i:86
S	33588	GTGTACAAGCCCCGTGAACGGCACGACGAAGACCTTCACGATGGATTCGAGCTTCGACGGCGAAAGCTTCTACTTCAAGGCGGGCGACTACGACCAGACGGCCGTGTCCGGCACACCGCTGACGACCTCCATGCACT	KC:i:130
S	176604	CATTTAGTTGGGCACTCTAGCGAGACTGCCGGTAATAAACCGGAGGAAGGTGGGGATGACGTCAAATCATCATGCCCCTTATGACCTGGGCTACACACGTGCTACAATGGCTGGTACAACGAGTCGCAAG	KC:i:815
S	175632	GGCGTGCTGATCCGCGATTACTAGCGATTCCGACTTCATGTAGGCGAGTTGCAGCCTACAATCCGAACTGAGACTGGCTTTAAGAGATTAGCTTGCCGTCACCGGCTTGCGACTCGTTGTACCAGCCCTTGTAGCACGTGTGTAGCCCAGGTCATAAGGGGCATGGTGATTTGACGTCATCCCCACCTTCCTCCGGTTTATTACCGGCA	KC:i:1302
S	176692	GGCTGGTACAACGAGTCGCAAGCCGGTGACGGCAAGCTAATCTCTTAAAGCCAGTCTCAGTTCGGATTGTAGGCTGCAACTCGCCTACATGAAGTCGGAATCGCTAGTAATCGCGGATCAGCACGCCGCGGTGAA	KC:i:2513
S	163626	GAACTGAGATTGGCTTTAAGAGATTAGCTTGCCGTCACCGACTCGCAACTCGTTGTACCAACCATTGTAGCACGTGTGTAGCCCAGGTCATAAGGGGCATGATGATTTGACGTCATCCCCACCTTCCCCCGGTTTATTACCGGCAGTCTCGCTAGAGTGCCCAACTGAATGATGGCAACTAACAATAGGGGTTGCGCTCGTT	KC:i:576
S	175792	GGAAGGTGGGGATGACGTCAAATCATCATGCCCCTTATGACCTGGGCTACACACGTGCTACAATGGTTGGTACAACGAGTTGCGAGTCGGTGACGGCAAGCTAATCTCTTAAAGCCAATCTCAGTTCGGATTGT	KC:i:459
S	177182	GGGGATGACGTCAAATCATCATGCCCCTTATGTCTTGGGCTTCACGCATGCTACAATGGCCGGTACAGAGGGTTGCGATACTGTGAGGTGGAGCTAATCCCTAAAAGCCGGTCTCAGTTCGGATTGGGGTCTGCAACTCGACCCCATGAAGTCGGAGTCGCTAGTAATCGCAGATCAGCAACGCTGCGGTGAATACGTTC	KC:i:44570
S	32958	GGCTGTGAGGGTGAGCGAATCTCGGAAAGCCGGTCTCAGTTCGGATTGGGGTCTGCAACTCGACCTCATGAAGTCGGAGTCGCTAGTAATCGCAGATCAGCAACGCTGCGGTGAATACGTTCACGGGGC	KC:i:8
S	175608	TACCAGCCATTGTAGCACGTGTGTAGCCCAGGTCATAAGGGGCATGATGATTTGACGTCATCCCCACCTTCCTCCGGTTTATTACCGGCAGTCTCGCTAGAGTGCCCAACTCAATGATGGCAACTAACA	KC:i:854
S	32186	TTAGTTGCCATCATTGAGTTGGGCACTCTAGCGAGACTGCCGGTAATAAACCGGAGGAAGGTGGGGATGACGTCAAATCATCATGCCCCTTATGACCTGGGCTACACACGTGCTACAATGGCTGGTAAAACGAGTCGCAAGCC	KC:i:64
S	175626	TTAGTTGCCATCATTGAGTTGGGCACTCTAGCGAGACTGCCGGTAATAAACCGGAGGAAGGTGGGGATGACGTCAAATCATCATGCCCCTTATGACCTGGGCTACACACGTGCTACAATGGCTGGTACAA	KC:i:1261
S	176890	CCATCATTCAGTTGGGCACTCTAGCGAGACTGCCGGTAATAAACCGGAGGAAGGTGGGGATGACGTCAAATCATCATGCCCCTTATGACCTGGGCTACACACGTGCTACAATGGCTGGTACAACGAGTCGCAAGCC	KC:i:1527
S	174466	CTCGTTGTACCAGCCATTGTAGCACGTGTGTAGCCCAGGTCATAAGGGGCATGATGATTTGACGTCATCCCCACCTTCCTCCGGTTTATTACCGGCAGTCTCGCTAGAGTGCCCAACTGAATGATGGCAACTAA	KC:i:1377
S	174276	GAACGTATTCACCGCGGCGTGCTGATCCGCGATTACTAGCGATTCCGACTTCATGTAGGCGAGTTGCAGCCTACAATCCGAACTGAGATTGGCTTTAAGAGATTAGCTTGCCGTCCCCGACTCGCAACTCGTTGTACCAACCATTGTAGCACGTGTGTAGCCCAGGTCATAAGGGGCATGATGATTTGACGTCATCCCCACCTTCCTCCGGTTTATTACCGGCAGTCTCGCTAGAGTGCCCAA	KC:i:1224
S	164450	TTGCGAGTCGGGGACGGCAAGCTAATCTCTTAAAGCCAATCTCAGTTCGGATTGTAGGCTGCAACTCGCCTACATGAAGTCGGAATCGCTAGTAATCGCGGATCAGCACGCCGCGGTGAATACGTTCACGGG	KC:i:68
S	34640	CCCCACCTTCCTCCGGTTTATTACCGGCAGTCTCGCTAGAGTGCCCAACTAAATGATGGCAACTAACAATAGGGGTTGCGCTCGTTGCGGGACTTAACCCAACATCTCACGACACGAGCTGACGACCTCCAT	KC:i:500
S	174852	GGTCGTCAGCTCGTGTCGTGAGATGTTGGGTTAAGTCCCGCAACGAGCGCAACCCCTATTGTTAGTTGCCATCATTTAGTTGGGCACTCTAGCGAGACTGCCGGTAATAAACCGGAGGAAGGTGGGGA	KC:i:265
S	33050	GGAAGTCGTCAGCTCGTGTCGTGAGATGTTGGGTTAAGTCCCGCAACGAGCGCAACCCTTGTTCACTGTTGCCAGCACGTTATGGTGGGGACTCAGTGGAGACCGCCGGGGTCAACTCGGAGGAAGGGGG	KC:i:15
S	33052	GGAAGTCGTCAGCTCGTGTCGTGAGATGTTGGGTTAAGTCCCGCAACGAGCGCAACCCTTGTTCACTGTTGCCAGCACGTTATGGTGGGGACTCAGTGGAGACCGCCGGGGTCAACTCGGAGGAAGGTGG	KC:i:837
S	174782	AGTTGGGCACTCTAGCGAGACTGCCGGTAATAAACCGGAGGAAGGTGGGGATGACGTCAAATCATCATGCCCCTTATGACCTGGGCTACACACGTGCTACAATGGCTGGTACAACGAGTCGCGAGTCGG	KC:i:514
S	172948	GACTCGCGACTCGTTGTACCAGCCATTGTAGCACGTGTGTAGCCCAGGTCATAAGGGGCATGATGATTTGACGTCATCCCCACCTTCCTCCGGTTTATTACCGGCAGTCTCGCTAGAGTGCCCAACTAA	KC:i:101
S	32864	TGGGAGTCGTCAGCTCGTGTCGTGAGATGTTGGGTTAAGTCCCGCAACGAGCGCAACCCTCGTCCACTGTTGCCAGCAATTCGGTTGGGGACTCAGTGGAGACCGCCGGGGTCAACTCGGAGGAAGGGGGG	KC:i:36
S	32866	TGGGAGTCGTCAGCTCGTGTCGTGAGATGTTGGGTTAAGTCCCGCAACGAGCGCAACCCTCGTCCACTGTTGCCAGCAATTCGGTTGGGGACTCAGTGGAGACCGCCGGGGTCAACTCGGAGGAAGGTGGG	KC:i:128
S	175172	CCCGTGAACGTATTCACCGCAGCGTTGCTGATCTGCGATTACTAGCGACTCCGACTTCATGAGGTCGAGTTGCAGACCCCAATCCGAACTGAGACCGGCTTTCCGAGATTCGCTCACCCTCACAGGCTCGCC	KC:i:2582
S	33356	GCCTGTGAGGGTGAGCGAATCTCGGAAAGCCGGTCTCAGTTCGGATTGGGGTCTGCAACTCGACCTCATGAAGTCGGAGTCGCTAGTAATCGCAGATCAGCAACGCTGCGGTGAATACGTTCACGGGGC	KC:i:430
S	33772	TGTGTACAAGTCCCGTGAACGTATTCACCGCAGCGTTGCTGATCTGCGATTACTAGCGACTCCGACTTCATGAGGTCGAGTTGCAGACCCCAATCCGAACTGAGACCGGCTTTCCGAGATTCGCTCACCC	KC:i:1053
S	165298	TGTGTACAAGTCCCGTGAACGTATTCACCGCAGCGTTGCTGATCTGCGATTACTAGCGACTCCGACTTCATGAGGTCGAGTTGCAGACCCCAATCCGAACTGAGACCGGCTTTCCGAGATTCGCTCAACCTCACAGGCTCGCC	KC:i:114
S	166012	CCCCACCTTCCTCCGGTTTATTACCGGCAGTCTCGCTAGAGTGCCCAACTGAATGATGGCAACTAACAATAGGGGTTGCGCTCGTTGCGGGACTTAACCCAACATCTCACGACACGAGCTGACGACCTCCAT	KC:i:702
S	34824	TGTTAGTTGCCATCATTTAGTTGGGCACTCTAGCGAGACTGCCGGTAATAAACCGGAGGAAGGTGGGGATGACGTCAAATCATCATGCCCCTTATGACCTGGGCTACACACGTGCTACAATGGCTGGGACAACGAGTCGC	KC:i:221
S	175646	CATGCCCCTTATGACCTGGGCTACACACGTGCTACAATGGCTGGTACAACGAGTCGCGAGTCGGTGACGGCAAGCTAATCTCTTAAAGCCAGTCTCAGTTCGGATTGTAGGCTGCAACTCGCCTACAGGAAGTCGGAATCGCTAGTAATCGCGGATCAGCACGCCGCGGTGAATACGTTC	KC:i:325
S	175702	CATGCCCCTTATGACCTGGGCTACACACGTGCTACAATGGCTGGTACAACGAGTCGCGAGTCGGTGACGGCAAGCTAATCTCTTAAAGCCAGTCTCAGTTCGGATTGTAGGCTGCAACTCGCCTACATGAAGTCGGAATCGCTAGTAATCGCGGATCAGCACGCCGCGGTGA	KC:i:8813
S	152058	CAACGAGCGCAACCCCTATTGTTAGTTGCCATCATTTAGTTGGGCACTCTAGCGAGACTGCCGGTAATAAACCGGAGGAAGGTGGGGATGACGTCAAATCATCATGCCCCTTATGACCTGGGCTACAAACGTGCTACAATGGCTGGTACAACGAGTCGCAAGCC	KC:i:169
S	176884	CAACGAGCGCAACCCCTATTGTTAGTTGCCATCATTTAGTTGGGCACTCTAGCGAGACTGCCGGTAATAAACCGGAGGAAGGTGGGGATGACGTCAAATCATCATGCCCCTTATGACCTGGGCTACACACGTGCTACAATGGCTGG	KC:i:7746
S	174408	GGCTTGCGACTCTTTGTACCAGCCATTGTAGCACGTGTGTAGCCCAGGTCATAAGGGGCATGATGATTTGACGTCATCCCCACCTTCCTCCGGTTTATTACCGGCAGTCTCGCTAGAGTGCCCAACTAAATGATGGCAAC	KC:i:159
S	165164	CCTTCCTCCGAGTTGACCCCGGCGGTCTCCACTGAGTCCCCACCATAACGTGCTGGCAACAGTGAACAAGGGTTGCGCTCGTTGCGGGACTTAACCCAACATCTCACGACACGAGCTGACGACTCCCATGCA	KC:i:1208
S	36512	GGGAGTCGTCAGCTCGTGTCGTGAGATGTTGGGTTAAGTCCCGCAACGAGCGCAACCCTTGTTCACTGTTGCCAGCACGTTATGGTGGGGACTCAGTGGAGACCGCCGGGGTCAACTCGGAGGAAGGGGG	KC:i:18
S	142236	GGGAGTCGTCAGCTCGTGTCGTGAGATGTTGGGTTAAGTCCCGCAACGAGCGCAACCCTTGTTCACTGTTGCCAGCACGTTATGGTGGGGACTCAGTGGAGACCGCCGGGGTCAACTCGGAGGAAGGTGG	KC:i:719
S	165712	CATCATGCCCCTTATGTCCAGGGCTTCACGCATGCTACAATGGCTGGTACAGAGGGTGGCGAGCCTGTGAGGGTGAGCGAATCTCGGAAAGCCGGTCTCAGTTCGGATTGGGGTCTGCAACTCGACCCCATGAAGTCGGAGTCGCTAGTAATCGCAGATCAGCAACGCTGCGGTGAATACGT	KC:i:176
S	173762	GGTCGAGTTGCAGACCCCAATCCGAACTGAGACCGGCTTTCCGAGATTCGCTCACCCTCACAGGCTCGCCACCCTCTGTACCAGCCATTGTAGCATGCGTGAAGCCCTGGACATAAGGGGCATGATGACTTGACGTCATCCCCACCTTCCTCCGAGTTGACCCCGGCGGTCTCCACTGAGTCCCCACCATAACGTGCTGG	KC:i:901
S	37586	CCCACCTTCCTCCGAGTTGACCCCGGCGGTCTCCACTGAGTCCCCACCATAACGTGCTGGCAACAGTGAACAAGGGTTGCGCTCGTTGCGGGACTTAACCCAACATCTCACGACACGAGCTGACGACT	KC:i:521
S	177304	GTCGTCAGCTCGTGTCGTGAGATGTTGGGTTAAGTCCCGCAACGAGCGCAACCCTTGTTCACTGTTGCCAGCACGTTATGGTGGGGACTCAGTGGAGACCGCCGGGGTCAACTCGGAGGAAGGTGGGGATGACGTCAAGTCATCATGCCCCTTATGTCCAGGGCTTCACGCATGCTACAATGGCTGGTACAGAG	KC:i:81929
S	172250	GAACGTATTCACCGCAGCGTTGCTGATCTGCGATTACTAGCGACTCCGACTTCATGGGGTCGAGTTGCAGACCCCAATCCGAACTGAGACCGGCTTTTAGGGATTAGCTCCACCTCACAGTATCGCCACCCTCTGTACCGGCCATTGTAGCATGCGTGAAGCCCAAGACATAAGGGGCATGATGATTTGACGTCATCCCCACCTTCCTCCGAGTTGACCCCGGCAGTCTCCTATGAGTCCCCACCATAACGTGC	KC:i:1768
S	38144	GGCGATACTGTGAGGTGGAGCTAATCCCTAAAAGCCGGTCTCAGTTCGGATTGGGGTCTGCAACTCGACCCCATGAAGTCGGAGTCGCTAGTAATCGCAGATCAGCAACGCTGCGGTGAATACGTTCG	KC:i:23
S	37002	CACAGTATCGCACCCCTCTGTACCGGCCATTGTAGCATGCGTGAAGCCCAAGACATAAGGGGCATGATGATTTGACGTCATCCCCACCTTCCTCCGAGTTGACCCCGGCAGTCTCCTATGAGTCCCCCCCATAACGTGCT	KC:i:52
S	172216	GGGGACTCATAGGAGACTGCCGGGGTCAACTCGGAGGAAGGTGGGGATGACGTCAAATCATCATGCCCCTTATGTCTTGGGCTTCACGCATGCTACAATGGCCGGTACAGAGGGGTGCGATACTGTGAGGTGGAGCTAATCCCTAAAAGCCGGTCTCAGT	KC:i:1086
S	142154	ACAAGCCCCGCGAACGTATTCACCGCAGCGTTGCTGATCTGCGATTACTAGCGACTCCGACTTCATGGGGTCGAGTTGCAGACCCCAATCCGAACTGAGACCGGCTTTTAGGGATTAGCTCCACCTCCCAGTA	KC:i:41
S	37270	TGAGTTGGGCACTCTAGCGAGACTGCCGGTAATAAACCGGAGGAAGGTGGGGATGACGTCAAATCATCATGCCCCTTATGACCTGGGCTACACACGTGCTACAATGGCTGGTACAACGAGTCGCGAGGC	KC:i:50
S	174774	TGAGTTGGGCACTCTAGCGAGACTGCCGGTAATAAACCGGAGGAAGGTGGGGATGACGTCAAATCATCATGCCCCTTATGACCTGGGCTACACACGTGCTACAATGGCTGGTACAACGAGTCGCGAGTC	KC:i:412
S	36800	GTGTGTACAAGTCCCGCGAACGTATTCACCGCAGCGTTGCTGATCTGCGATTACTAGCGACTCCGACTTCATGGGGTCGAGTTGCAGACCCCAATCCGAACTGAGACCGGCTTTTAGGGATTAGCTCC	KC:i:1
S	177276	GTGGGGACTCAGTGGAGACCGCCGGGGTCAACTCGGAGGAAGGTGGGGATGACGTCAAGTCATCATGCCCCTTATGTCCAGGGCTTCACGCATGCTACAATGGCTGGTACAGAGAGTGGCGAGCCTGTG	KC:i:1544
S	174612	GAGACTGCCGGTAATAAACCGGAGGAAGGTGGGGATGACGTCAAATCATCATGCCCCTTATGACCTGGGCTACACACGTGCTACAATGGCTGGTACAACGAGTCGCAAGCCGGTGACGGCAAGCTAAGCTCTTAAAGCCAGTCTCAGTTCGGATTGTAGGCTGCAACTCGCCTACATGAAGTCGGAATCGCTAGTAATCGCGGATCAGCACGCCGCGGTGAATACGTTCGCGGGGCT	KC:i:610
S	176636	GAGACTGCCGGTAATAAACCGGAGGAAGGTGGGGATGACGTCAAATCATCATGCCCCTTATGACCTGGGCTACACACGTGCTACAATGGCTGGTACAACGAGTCGCAAGCCGGTGACGGCAAGCTAATCTCT	KC:i:2070
S	175618	TGCATGGAAGTCGTCAGCTCGTGTCGTGAGATGTTGGGTTAAGTCCCGCAACGAGCGCAACCCTTGTTCACTGTTGCCAGCACGTTATGGTGGGGACTCAGTGGAGACCGCCGGGGTCAACTCGGAGGAAGG	KC:i:1428
S	154960	ACGTATTCACCGCAGCGTTGCTGATCTGCGATTACTAGCGACCCCGACTTCATGAGGTCGAGTTGCAGACCCCAATCCGAACTGAGACCGGCTTTCCGAGATTCGCTCACCCTCACAGGCTCGCCACCCTCTGTACCAGCCATTGTAGCATGCGTGAAGCCCTGGACATA	KC:i:142
S	140960	AGTTGGGCACTCTAGCGAGACTGCCGGTAATAAACCGGAGGAAGGTGGGGATGACGTCAAATCATCATGCCCCTTATGACCTGGGCTGCACACGTGCTACAATGGCTGGTACAACGAGTCGCGAGTCGGTGACGGCAAGCTAATCTCTTAAAGCCAGTCTCAGTTC	KC:i:77
S	151670	GACTCGCGACTCGTTGTACCAGCCATTGTAGCACGTGTGCAGCCCAGGTCATAAGGGGCATGATGATTTGACGTCATCCCCACCTTCCTCCGGTTTATTACCGGCAGTCTCGCTAGAGTGCCCAACTAAATGATGGCAACTAACAATAGGGGTTGCGCTCGTTGCGG	KC:i:127
S	174330	GACTCGCGACTCGTTGTACCAGCCATTGTAGCACGTGTGCAGCCCAGGTCATAAGGGGCATGATGATTTGACGTCATCCCCACCTTCCTCCGGTTTATTACCGGCAGTCTCGCTAGAGTGCCCAACTCAATGATGGCAACTAACAATAAGGGTTGCGCTCGTTGCGG	KC:i:180
S	163624	TTATTGTTAGTTGCCATCATTGAGTTGGGCACTCTAGCGAGACTGCCGGTAATAAACCGGAGGAAGGTGGGGATGACGTCAAATCATCATGCCCCTTATGACCTGGGCTACACACGTGCTACAATGGATGGTACAACGAGTTGCGAGTC	KC:i:99
S	174710	TTATTGTTAGTTGCCATCATTGAGTTGGGCACTCTAGCGAGACTGCCGGTAATAAACCGGAGGAAGGTGGGGATGACGTCAAATCATCATGCCCCTTATGACCTGGGCTACACACGTGCTACAATGGC	KC:i:166
S	176228	AGCACGTTATGGTGGGGACTCATAGGAGACTGCCGGGGTCAACTCGGAGGAAGGTGGGGATGACGTCAAATCATCATGCCCCTTATGTCTTGGGCTTCACGCATGCTACAATGGCCGGTACAGAGGGGTGCGATACTGTG	KC:i:625
S	177120	AGCACGTTATGGTGGGGACTCATAGGAGACTGCCGGGGTCAACTCGGAGGAAGGTGGGGATGACGTCAAATCATCATGCCCCTTATGTCTTGGGCTTCACGCATGCTACAATGGCCGGTACAGAGGGT	KC:i:1249
S	39450	GCATGGAAGTCGTCAGCTCGTGTCGTGAGATGTTGGGTTAAGTCCCGCAACGAGCGCAACCCTCGTTCTATGTTGCCAGCACGTTATGGTGGGGACTCATAGGAGACTGCCGGGGTCAACTCGGAGGGAGGTGG	KC:i:28
S	41138	TACAAGCCCCGTGAACGTATTCACCGCGGCGTGCTGATCCGCGATTACTAGCGATTCCGACTTCATGTAGGCGAGTTGCAGCCTACAATCCGAACTGAGATTGGCTTTAAGAGATTAGCTTGCCGTCCCCGACT	KC:i:35
S	38686	TGTGTACAAGTCCCGCGAACGTATTCACCGCAGCGTTGCTGATCTGCGATTACTAGCGACTCCGACTTCATGGGGTCGAGTTGCAGACCCCAATCCGAACTGAGACCGGCTTTTAGGGATTAGCTCCCCCTCACAGTA	KC:i:55
S	174684	TGTGTACAAGTCCCGCGAACGTATTCACCGCAGCGTTGCTGATCTGCGATTACTAGCGACTCCGACTTCATGGGGTCGAGTTGCAGACCCCAATCCGAACTGAGACCGGCTTTTAGGGATTAGCTCCACC	KC:i:879
S	149198	AGTTGGGCACTCTAGCGAGACTGCCGGTAATAAACCGGAGGAAGGTGGGGATGACGTCAAATCATCATGCCCCTTATGACCTGGGCTACACACGTGCTACAATGGATGGTACAACGAGTTGCGAGTCGGGGACGGCAAGCTAATCTCTTAAAGCCAATCTCAGTTC	KC:i:104
S	143272	CCTAGCGGGACTGCCGGTAATAAACCGGAGGAAGGGGGGGATGACGTCAAATCATCATGCCCCTTATGACCTGGGCTACACACGTGCTACAATGGCTGGTCCAACGAGTCGCAAGCCGGTGACGGCAAGCTAATCTCT	KC:i:14
S	41204	AGCCGGTGACGGCAAGCTAATCTCTTAAAGCCAGTCTCAGTTCGGATTGTAGGCTGCAACTCGCCTACATGAAGTCGGAATCGCTAGTAATCGCGGATCAGCACGCCGCGGTGAATACGTTCACGGGGCT	KC:i:360
S	38898	TGCATGGGGGTCGTCAGCTCGTGTCGTGAGATGTTGGGTTAAGTCCCGCAACGAGCGCAACCCTCGTTCTATGTTGCCAGCACGTTATGGTGGGGACTCATAGGAGACTGCCGGGGTCAACTCGGAGG	KC:i:528
S	40966	GGTCGTCAGCTCGTGTCGTGAGATGTTGGGTTAAGTCCCGCAACGAGCGCAACCCTCGTTCTATGTTGCCAGCACGTTATGGTGGGGACTCATAGGAGACTGCCGGGGTCAACTCGGAGGGAGGTGGG	KC:i:8
S	165966	AACGTATTCACCGCGGCGTGCTGATCCGCGATTACTAGCGATTCCGACTTCATGTAGGCGAGTTGCAGCCTACAATCCGAACTGAGACTGGCTTTCAGAGATTAGCTTGCCGTCACCGGCTTGCGACCCGTTGTACCAGCCATTGTAGCACGTGTGTAGCCCCGGTCATAAGGGGCATGATGATTTGACGTCATCCCCACCTTCCCCCGGTTTATTACCGGCA	KC:i:515
S	176236	GTCGCAAGCCGGTGACGGCAAGCTAATCTCTGAAAGCCAGTCTCAGTTCGGATTGTAGGCTGCAACTCGCCTACATGAAGTCGGAATCGCTAGTAATCGCGGATCAGCACGCCGCGGTGAATACGTTCACGGGACTTGTACACA	KC:i:1359
S	40968	GGTCGTCAGCTCGTGTCGTGAGATGTTGGGTTAAGTCCCGCAACGAGCGCAACCCTTGTTCACTGTTGCCAGCACGTTATGGTGGGGACTCAGTGGAGACCGCCGGGGTCAACTCGGAGGAAGGGGGG	KC:i:10
S	175788	TTGGGCACTCTAGCGAGACTGCCGGTAATAAACCGGAGGAAGGTGGGGATGACGTCAAATCATCATGCCCCTTATGACCTGGGCTACACACGTGCTACAATGGTTGGTACAACGAGTTGCGAGTCGGTGACGGCAAGCTAATCTCTTAAAGCCAATCTCAGTTC	KC:i:9023
S	176282	AGTTGGGCACTCTAGCGAGACTGCCGGTAATAAACCGGAGGAAGGTGGGGATGACGTCAAATCATCATGCCCCTTATGACCTGGGCTACACACGTGCTACAATGGCTGGTACAACGAGGCGCAAGCCGGTGACGGCAAGCTAATCTCTTAAAGCCAGTCTCAGTTCGGATTGTAGGCTGCAACTCGCCTACATGAAGTCGGAATCGCTAGTAATCGCGGATCAGCACGCCGCGGTGAATACGTTC	KC:i:1772
S	39372	GGCTTGCGCCTCGTTGTACCAGCCATTGTAGCACGTGTGTAGCCCAGGTCATAAGGGGCATGATGATTTGACGTCATCCCCACCTTCCTCCGGTTTATTACCGGCAGTCTCGCTAGAGTGCCCAACTGAATGATGG	KC:i:72
S	164952	GGCTTGCGCCTCGTTGTACCAGCCATTGTAGCACGTGTGTAGCCCAGGTCATAAGGGGCATGATGATTTGACGTCATCCCCACCTTCCTCCGGTTTATTACCGGCAGTCTCGCTAGAGTGCCCAACTAAATGATGG	KC:i:67
S	176902	GGGCTACACACGTGCTACAATGGCTGGTACAACGAGTCGCAAGCCGGTGACGGCAAGCTAATCTCTGAAAGCCAGTCTCAGTTCGGATTGTAGGCTGCAACTCGCCTACATGAAGTCGGAATCGCTAGTAATCGCGGATCAGCACGCC	KC:i:1297
S	40964	GTGAGGTGGAGCTAATCCCTAAAAGCCGGTCTCAGTTCGGATTGGGGTCTGCAACTCGACCCCATGAAGTCGGAGTCGCTAGTAATCGCAGATCAGCAACGCTGCGGTGAATACGTTCACGGGACTTGT	KC:i:824
S	40902	GCGCAAGCCGGTGACGGCAAGCTAATCTCTTAAAGCCAGTCTCAGTTCGGATTGTAGGCTGCAACTCGCCTACATGAAGTCGGAATCGCTAGTAATCGCGGATCAGCACGCCGCGGTGAATACGTTCG	KC:i:15
S	164204	TGCCGGTAATAAACCGGAGGAAGGTGGGGATGACGTCAAATCACCATGCCCCTTATGACCTGGGCTACACACGTGCTACAAGGGCTGGTACAACGAGTCGCAAGCCGGTGACGGCAAGCTAATCTCTGAAAGCCAGTCTCAGTTCGGATTGTAGGCTGCAACTCGCCTACATGAAGTCGGAATCGCTAGTAATCGCGGATCAGCACGCC	KC:i:329
S	40396	TGCGGTACTGTGAGGTGGAGCTAATCCCTAAAAGCCGGTCTCAGTTCGGATTGGGGTCTGCAACTCGACCCCATGAAGTCGGAGTCGCTAGTAATCGCAGATCAGCAACGCTGCGGTGAATACGTTCACGGG	KC:i:45
S	40398	TGCGGTACTGTGAGGTGGAGCTAATCCCTAAAAGCCGGTCTCAGTTCGGATTGGGGTCTGCAACTCGACCCCATGAAGTCGGAGTCGCTAGTAATCGCAGATCAGCAACGCTGCGGTGAATACGTTCGCGGG	KC:i:25
S	176684	CGTGCTACAATGGCTGGTACAACGAGTCGCAAGCCGGTGACGGCAAGCTAATCTCTTAAAGCCAGTCTCAGTTCGGATTGTAGGCTGCAACTCGCCTACATGAAGTCGGAATCGCTAGTAATCGCGGATCAGCACGCC	KC:i:2846
S	163390	TGTTAGTTGCCATCATTCAGTTGGGCACTCTAGCGAGACTGCCGGTAATAAACCGGAGGAAGGTGGGGATGACGTCAAATCATCATGCCCCTTATGACCTGGGCTACACACGTGCTACAATGGCTGGGACAACGAGTCGCAAGCC	KC:i:218
S	166102	TGTTAGTTGCCATCATTCAGTTGGGCACTCTAGCGAGACTGCCGGTAATAAACCGGAGGAAGGTGGGGATGACGTCAAATCATCATGCCCCTTATGACCTGGGCTACACACGTGCTACAATGGCTGGTA	KC:i:411
S	176258	TGTGTACAAGTCCCGCGAACGGCACGACGAAGACCTTCACGATGGATTCGAGCTTCGACGGCGAAAGCTTCTACTTCAAGGCGGGCGACTACGACCAGACGGCCGTGTCCGGCACACCGCTGACGACCTCCATGCACTGTCTC	KC:i:122
S	177102	GCGATACTGTGAGGTGGAGCTAATCCCTAAAAGCCGGTCTCAGTTCGGATTGGGGTCTGCAACTCGACCCCATGAAGTCGGAGTCGCTAGTAATCGCAGATCAGCAACGCTGCGGTGAATACGTTCGCGGG	KC:i:1783
S	175628	GAACGGCACGACGAAGACCTTCACGATGGATTCGAGCTTCGACGGCGAAAGCTTCTACTTCAAGGCGGGCGACTACGACCAGACGGCCGTGTCCGGCACACCGCTGACGACCTCCATGCACTGTCTCTTATACACATCTGACGCTGCCGACGAATAGAGAGGGGGAAATTTTGGGGGGTGCCGAGGAATCAAAAAAAAAAAAATTAGTGAGAGATAGCGGGTGAGCTAAGTAGAA	KC:i:531
S	41906	GAGACAGTGCATGGAGGTCGTCAGCGGTGTGCCGGACACGGCCGTCTGGTCGTAGTCGCCCGCCTTGAAGTAGAAGCTTTCGCCGTCGAAGCTCGAATCCATCGTGAAGGTCTTCGTCGTGCCGTTCACGGG	KC:i:35
S	149156	AGTTGGGCACTCTAGCGAGACTGCCGGTAATAAACCGGAGGAAGGTGGGGATGACGTCAAATCATCATGCCCCTTATGACCTGGGCTACAAACGTGCTACAATGGCTGGTACAACGAGTCGCAAGCCGGTGACGGCAAGCTAATCTCTTAAAGCCAGTCTCAGTTC	KC:i:245
S	165394	GGCTTGCGACTCGTTGTACCAGCCATTGTAGCACGTTTGTAGCCCAGGTCATAAGGGGCATGATGATTTGACGTCATCCCCACCTTCCTCCGGTTTATTACCGGCAGTCTCGCTAGAGTGCCCAACTGAATGATGGCAACTAACAATAGGGGTTGCGCTCGTTG	KC:i:271
S	174456	GGCTTGCGACTCGTTGTACCAGCCATTGTAGCACGTTTGTAGCCCAGGTCATAAGGGGCATGATGATTTGACGTCATCCCCACCTTCCTCCGGTTTATTACCGGCAGTCTCGCTAGAGTGCCCAACTCAATGATGGCAACTAACAATAGGGGTTGCGCTCGTTG	KC:i:138
S	174436	CTGTGAGGGTGAGCGAATCTCGGAAAGCCGGTCTCAGTTCGGATTGGGGTCTGCAACTCGACCTCATGAAGTCGGAGTCGCTAGTAATCGCAGATCAGCAACGCTGCGGTGAATACGTTCACGGGGCTTGTACACA	KC:i:1988
S	41980	AGCCGGTGACGGCAAGCTAATCTCTTAAAGCCAGTCTCAGTTCGGATTGTAGGCTGCAACTCGCCTACATGAAGTCGGAATCGCTAGTAATCGCGGATCAGCACGCCGCGGTGAATACGTTCGCGGGGCT	KC:i:246
S	144042	CCCGCGAACGTATTCACCGCGGCGTGCTGATCCGCGATTACTAGCGATTCCGACTTCATGTAGGCGAGTTGCAGCCTACAATCCGAACTGAGACTGGCTTTAAGAGATTAGCTTGCCGTCACCGGCTTGCG	KC:i:767
S	177168	AACTCGGAGGAAGGTGGGGATGACGTCAAATCATCATGCCCCTTATGTCTTGGGCTTCACGCATGCTACAATGGCCGGTACAGAGGGTTGCGATACTGTGAGGTGGAGCTAATCCCTAAAAGCCGGTCTCAGTTCGGA	KC:i:7410
S	176668	CATGCCCCTTATGACCTGGGCTACACACGTGCTACAATGGCTGGTACAACGAGTCGCAAGCCGGTGACGGCAAGCTAATCTCTTAAAGCCAGTCTCAGTTCGGATTGTAGGCTGCAACTCGCCTACATGAAGTCGGAATCGCTA	KC:i:2025
S	42134	AGTCGGGGACGGCAAGCTAATCTCTTAAAGCCAGTCTCAGTTCGGATTGTAGGCTGCAACTCGCCTACATGAAGTCGGAATCGCTAGTAATCGCGGATCAGCACGCCGCGGTGAATACGTTCGCGGGGCT	KC:i:15
S	174332	TGCCGGTAATAAACCGGAGGAAGGTGGGGATGACGTCAAATCATCATGCCCCTTATGACCTGGGCTACACACGTGCTACAATGGCTGGTACAACGAGTCGCAAGCCGGTGACGGCAAGCTAATCTCTGAAAGCCAGTCTCAGTTCGGATTGTAGGCTG	KC:i:1720
S	176644	TGCCGGTAATAAACCGGAGGAAGGTGGGGATGACGTCAAATCATCATGCCCCTTATGACCTGGGCTACACACGTGCTACAATGGCTGGTACAACGAGTCGCAAGCCGGTGACGGCAAGCTAATCTCTTAAAGCCAGTCTCAGTTCGGATTGT	KC:i:5472
S	176868	GAGGTGGAGCTAATCCCTAAAAGCCGGTCTCAGTTCGGATTGGGGTCTGCAACTCGACCCCATGAAGTCGGAGTCGCTAGTAATCGCAGATCAGCAACGCTGCGGTGAATACGTTCACGGGGCTTGTACACA	KC:i:1236
S	43100	CCCCACCTTCCTCCGAGTTGACCCCGGCGGTCTCCACTGAGTCCCCAACCGAATTGCTGGCAACAGTGGACGAGGGTTGCGCTCGTTGCGGGACTTAACCCAACATCTCACGACACGAGCTGACGACT	KC:i:87
S	176234	ACAATCCGAACTGAGACTGGCTTTAAGAGATTAGCTTGCCGTCACCGACTCGCGACTCGTTGTACCAGCCATTGTAGCACGTGTGTAGCCCAGGTCATAAGGGGCATGATGATTTGACGTCATCCCCCCCTTCCTCCGGTTTATTACCGGCAGTCTCGCTAGAGTGCCCAACTCAATGATGGCAACTAACAATAGGGGTTGCGCTCGTTGCGGGACTTAACCCAACATCTCACGACACGAGCTGACGAC	KC:i:729
S	175692	GGGGATGACGTCAAATCATCATGCCCCTTATGACCTGGGCTACACACGTGCTACAATGGCTGGTACAACGAGTCGCGAGTCGGTGACGGCAAGCTAATCTCTTAAAGCCAGTCTCAGTTCGGATTGTAGGCTGCAACTCGCCTACA	KC:i:1670
S	175700	GTCGTCAGCTCGTGTCGTGAGATGTTGGGTTAAGTCCCGCAACGAGCGCAACCCCTATTGTTAGTTGCCATCATTTAGTTGGGCACTCTAGCGAGACTGCCGGTAATAAACCGGAGGAAGGTGGGGATGACGTCAAATCATCATGCCCCTTATGACCTGGGCT	KC:i:14993
S	174590	TCCCCACCTTCCTCCGGTTTATTACCGGCAGTCTCGCTAGAGTGCCCAACTAAATGATGGCAACTAACAATAGGGGTTGCGCTCGTTGCGGGACTTAACCCAACATCTCACGACACGAGCTGACGACTCCCAT	KC:i:441
S	150302	CATAGATCGAACTGATTCCTCTGGTATCTGTTCCTCTTTTTTTTTTTTTCAAGCAGAAGACGGCATACGAGATTCGCCTTAGTCTCGTGGGCTCGGAGATGTGTATAAGAGACAGTGTGTACAAGCCCCGTGAACGGCACGACGAAGACCTTCACGATGGATTCGAGCTTCGACGGCGAAAGCTTCTACTTCAAGGCGGGCGACTACGACCAGACGGCCGTGTCCGGCACACCGCTGACGAC	KC:i:2727
S	173874	GTGGGGACTCATAGGAGACTGCCGGGGTCAACTCGGAGGAAGGTGGGGATGACGTCAAATCATCATGCCCCTTATGTCTTGGGCTTCACGCATGCTACAATGGCCGGTACAGAGGGTTGCGATACTGGGAGGTGGAGCTAATCCCTAAAAGCCGGTCTCAGTTCGGATTGGGGTCTGCAACTCGACCCCATGAAGTCGGAGTCGCTAGTAATCGCAGATCAGCAACGCTGCGGTGAATACGTTC	KC:i:1587
S	177152	GTGGGGACTCATAGGAGACTGCCGGGGTCAACTCGGAGGAAGGTGGGGATGACGTCAAATCATCATGCCCCTTATGTCTTGGGCTTCACGCATGCTACAATGGCCGGTACAGAGGGTTGCGATACTGTG	KC:i:2351
S	174344	AGTTGGGCACTCTAGCGAGACTGCCGGTAATAAACCGGAGGAAGGTGGGGATGACGTCAAATCATCATGCCCCTTATGACCTGGGCTACACACGTGCTACAATGGCTGGTACAACGAGTCGCAAGGCGGTGACGGCAAGCTAATCTCTTAAAGCCAGTCTCAGTTT	KC:i:375
S	175568	CTTGCGACTCGTTGTACCAGCCATTGTAGCACGTGTGTAGCCCAGGTCATAAGGGGCATGATGATTTGACGTCATCCCCACCTTCCTCCGGTTTATTACCGGCAGTCTCGCTAGAGTGCCCAACTCAATG	KC:i:418
S	42444	TGAGTTGGGCACTCTAGCGAGACTGCCGGTAATAAACCGGAGGAAGGTGGGGATGACGTCAAATCATCATGCCCCTTATGACCTGGGCTACACACGTGCTACAATGGCTGGTACAACGAGTCGCAAGGC	KC:i:12
S	177292	CATCATGCCCCTTATGTCCAGGGCTTCACGCATGCTACAATGGCTGGTACAGAGAGTGGCGAGCCTGTGAGGGTGAGCGAATCTCGGAAAGCCGGTCTCAGTTCGGATTGGGGTCTGCAACTCGACCTCATGAAGTCGG	KC:i:5661
S	174668	ACAACGAGTCGCGAGTCGGTGACGGCAAGCTAATCTCTTAAAGCCAGTCTCAGTTCGGATTGTAGGCTGCAACTCGCCTACATGAAGTCGGAATCGCTAGTAATCGCGGATCAGCACGCCGCGGTGAATACGTTC	KC:i:2033
S	165998	CGAACTGAGACTGGCTTTAAGAGATTAGCTTGCCGTCACCGGCTTGCGACTCGTTTTACCAGCCATTGTAGCACGTGTGTAGCCCAGGTCATAAGGGGCATGATGATTTGACGTCATCCCCACCTTCCTCCGGTTTATTACCGGCAGTCTCGCTAGAGTGCCCAACT	KC:i:456
S	174844	ATGGGGGTCGTCAGCTCGTGTCGTGAGATGTTGGGTTAAGTCCCGCAACGAGCGCAACCCCTATTGTTAGTTGCCATCATTTAGTTGGGCACTCTAGCGAGACTGCCGGTAATAAACCGGAGGAAGGTGGGG	KC:i:828
S	44176	TGTGTACAAGCCCCGTGAACGTATTCACCGCGGCGTGCTGATCCGCGATTACTAGCGATTCCGACTTCATGTAGGCGAGTTGCAGCCTACAATCCGAACTGAGATTGGCTTTAAGAGATTAGCTTGCCGTC	KC:i:240
S	144938	TGCCGGTAATAAACCGGAGGAAGGTGGGGATGACGTCAAATCATCATGCCCCTTATGACCTGGGCTACACACGTGCTACAATGGCTGGGACAACGAGTCGCAAGCCGGTGACGGCAAGCTAATCTCTTAAAGCCAGTCTCAGTTC	KC:i:246
S	154044	TGCCGGTAATAAACCGGAGGAAGGTGGGGATGACGTCAAATCATCATGCCCCTTATGACCTGGGCTACACACGTGCTACAATGGCTGGGACAACGAGTCGCAAGCCGGTGACGGCAAGCTAATCTCTGAAAGCCAGTCTCAGTTCGGATTGTAGGCTGCAACTCGCCTACATGAAGTCGGAATCGCTAGTAATCGCGGATCAGCACGCCGCGGTGA	KC:i:386
S	176260	CCATTGTAGCACGTGTGTAGCCCAGGTCATAAGGGGCATGATGATTTGACGTCATCCCCACCTTCCTCCGGTTTATTACCGGCAGTCTCGCTAGAGTGCCCAACTGAATGATGGCAACTAACAATAGGGGTTGCGCTCGTTG	KC:i:7927
S	152536	CTATTGTTAGTTGCCATCATTCAGTTGGGCACTCTAGCGAGACTGCCGGTAATAAACCGGAGGAAGGTGGGGATGACGTCAAATCATCATGCCCCTTATGACCTGGGCTACACACGTGCTACAATGGATGGTACAACGAGTTGCGAGTC	KC:i:167
S	163534	CTATTGTTAGTTGCCATCATTCAGTTGGGCACTCTAGCGAGACTGCCGGTAATAAACCGGAGGAAGGTGGGGATGACGTCAAATCATCATGCCCCTTATGACCTGGGCTACACACGTGCTACAATGGCTGG	KC:i:877
S	176956	CTATTGTTAGTTGCCATCATTCAGTTGGGCACTCTAGCGAGACTGCCGGTAATAAACCGGAGGAAGGTGGGGATGACGTCAAATCATCATGCCCCTTATGACCTGGGCTACACACGTGCTACAATGGTTGGTACAACGAGTTGCGAGTCGG	KC:i:6786
S	166070	TGTGTACAAGTCCCGCGAACGTATTCACCGCAGCGTTGCTGATCTGCGATTACTAGCGACCCCGACTTCATGAGGTCGAGTTGCAGACCCCAATCCGAACTGAGACCGGCTTTCCGAGATTCGCTCACCCTCACAGGCTCGCCAC	KC:i:153
S	45218	TGCATGGGAGTCGTCAGCTCGTGTCGTGAGATGTTGGGTTAAGTCCCGCAACGAGCGCAACCCTCGTTCTATGTTGCCAGCACGTTATGGTGGGGACTCATAGGAGACTGCCGGGGTCAACTCGGAGG	KC:i:287
S	45350	TGTGTACAAGCCCCGCGAACGTATTCACCGCAGCGTTGCTGATCTGCGATTACTAGCGACTCCGACTTCATGGGGTCGAGTTGCAGACCCCAATCCGAACTGAGACCGGCTTTTAGGGATTAGCTCCCCCTCACAGTA	KC:i:44
S	174522	TGTGTACAAGCCCCGCGAACGTATTCACCGCAGCGTTGCTGATCTGCGATTACTAGCGACTCCGACTTCATGGGGTCGAGTTGCAGACCCCAATCCGAACTGAGACCGGCTTTTAGGGATTAGCTCCACC	KC:i:601
S	45408	CTGTGAGGGTGAGCGAATCTCGGAAAGCCGGTCTCAGTTCGGATTGGGGTCTGCAACTCGACCTCATGAAGTCGGAGTCGCTAGTAATCGCAGATCAGCAACGCTGCGGTGAATACGTTCGCGGGACTTGT	KC:i:932
S	45412	GTCCCGCGAACGTATTCACCGCAGCGTTGCTGATCTGCGATTACTAGCGACTCCGACTTCATGAGGTCGAGTTGCAGACCCCAATCCGAACTGAGACCGGCTTTCCGAGATTCGCTCACCCTCACAGGC	KC:i:450
S	176952	GAACGTATTCACCGCGGCGTGCTGATCCGCGATTACTAGCGATTCCGACTTCATGTAGGCGAGTTGCAGCCTACAATCCGAACTGAGATTGGCTTTAAGAGATTAGCTTGCCGTCACCGACTCGCAACTCGTTGTACCAACCATTGTAGCACGTGTGTAGCCCAGGTCATAAGGGGCATGATGATTTGACGTCATCCCC	KC:i:12808
S	176838	TTGCGAGTCGGTGACGGCAAGCTAATCTCTTAAAGCCAATCTCAGTTCGGATTGTAGGCTGCAACTCGCCTACATGAAGTCGGAATCGCTAGTAATCGCGGATCAGCACGCCGCGGTGAATACGTTCACGGG	KC:i:646
S	46870	AGTCCCGTGAACGTATTCACCGCGGCGTGCTGATCCGCGATTACTAGCGATTCCGACTTCATGTAGGCGAGTTGCAGCCTACAATCCGAACTGAGACTGGCTTTAAGAGATTAGCTTGCCGTCACCGCCT	KC:i:12
S	46872	AGTCCCGTGAACGTATTCACCGCGGCGTGCTGATCCGCGATTACTAGCGATTCCGACTTCATGTAGGCGAGTTGCAGCCTACAATCCGAACTGAGACTGGCTTTAAGAGATTAGCTTGCCGTCACCGGCT	KC:i:501
S	163394	AGTCCCGTGAACGTATTCACCGCGGCGTGCTGATCCGCGATTACTAGCGATTCCGACTTCATGTAGGCGAGTTGCAGCCTACAATCCGAACTGAGACTGGCTTTAAGAGATTAGCTTGCCGTCACCGACT	KC:i:276
S	174290	TGTGTACAAGTCCCGTGAACGTATTCACCGCAGCGTTGCTGATCTGCGATTACTAGCGACTCCGACTTCATGGGGTCGAGTTGCAGACCCCAATCCGAACTGAGACCGGCTTTTAGGGATTAGCTCCACC	KC:i:1302
S	176872	TGTGTACAAGTCCCGTGAACGTATTCACCGCAGCGTTGCTGATCTGCGATTACTAGCGACTCCGACTTCATGGGGTCGAGTTGCAGACCCCAATCCGAACTGAGACCGGCTTTTAGGGATTAGCTCCCCCTCACAGTATCGCA	KC:i:89
S	156546	GAACGTATTCACCGCAGCGTTGCTGATCTGCGATTACTAGCGACTCCGACTTCATGAGGTCGAGTTGCAGACCCCAATCCGAACTGAGACCGGCTTTCCGAGATTCGCTCAACCTCACAGGCTCGCCACCCTCTGTACCAGCCATTGTAGCATGCGTGAAGCCCAAGACCTAAGGGGCATGATGATTTGACGTCATCCCACCTTCCCTCACGTTTAACCCCCCAGGCCCCCGTGC	KC:i:130
S	176904	AACGAGCGCAACCCCTATTGTTAGTTGCCATCATTCAGTTGGGCACTCTAGCGAGACTGCCGGTAATAAACCGGGGGAAGGTGGGGATGACGTCAAATCATCATGCCCCTTATGACCTGGGCTACACCCGTGCTACAATGGCTGGTACAACGAGTCGCAAGCCGGTGACGGCAAGCTAATCTCTTAAAGCCAGTCTCAGTTCGGATTGTAGGCTGCAACTCGCCTACATGAAGTCGGAATCGCTAGTAATCGCGG	KC:i:811
S	165424	GTGTAGCCCAGGTCATAAGGGGCATGATGATTTGACGTCATCCCCACCTTCCCCCGGTTTATTACCGGCAGTCTCGCTAGAGTGCCCAACTGAATGATGGCAACTAACAATAGGGGTTGCGCTCGTTGCGGGACTTAACCCAACATCTCACGACACGAGCTGACGACCCCCATGCA	KC:i:355
L	175560	-	176620	+	127M
L	176612	+	176620	+	127M
L	176890	+	176620	+	127M
L	142402	-	173892	-	127M
L	174560	-	173892	-	127M
L	157214	-	164500	-	127M
L	157214	-	176266	-	127M
L	175610	+	174648	+	127M
L	175610	+	174710	-	127M
L	176660	-	165498	-	127M
L	176660	-	176652	-	127M
L	764	-	153856	+	127M
L	764	-	176698	-	127M
L	3286	+	5574	-	127M
L	3286	+	41204	-	127M
L	3286	+	174282	+	127M
L	174310	-	1982	+	127M
L	174310	-	40968	-	127M
L	710	-	710	-	127M
L	151670	+	175700	-	127M
L	174876	-	175700	-	127M
L	174490	-	176234	-	127M
L	174554	-	176234	-	127M
L	1678	-	174660	-	127M
L	174446	-	174660	-	127M
L	4048	-	30640	-	127M
L	28068	+	30640	-	127M
L	165464	+	175646	-	127M
L	166058	-	175646	-	127M
L	164232	-	165240	+	127M
L	164232	-	165464	+	127M
L	3286	-	176286	-	127M
L	174558	-	176286	-	127M
L	174470	+	45408	-	127M
L	174470	+	176900	-	127M
L	14712	+	174522	-	127M
L	141656	-	174522	-	127M
L	176580	+	21716	-	127M
L	176580	+	164952	-	127M
L	176580	+	176588	+	127M
L	3212	-	6968	-	127M
L	3214	-	6968	-	127M
L	174544	+	155922	-	127M
L	174558	+	155922	-	127M
L	174374	-	149226	+	127M
L	174394	-	149226	+	127M
L	3220	-	7154	-	127M
L	3222	-	7154	-	127M
L	5086	-	22314	-	127M
L	165398	+	22314	-	127M
L	163530	-	143376	+	127M
L	165498	-	143376	+	127M
L	19902	+	5574	+	127M
L	19902	+	46870	-	127M
L	2982	-	166362	+	127M
L	174560	+	166362	+	127M
L	4368	-	174684	-	127M
L	14710	+	174684	-	127M
L	3738	-	177182	-	127M
L	177100	-	177182	-	127M
L	166362	+	174782	-	127M
L	174790	-	174782	-	127M
L	176924	+	173960	+	127M
L	176924	+	175446	-	127M
L	34824	+	7064	-	127M
L	34824	+	8874	-	127M
L	3484	-	176246	-	127M
L	141648	-	176246	-	127M
L	32866	+	43100	-	127M
L	164684	+	43100	-	127M
L	4436	-	164030	+	127M
L	4438	-	164030	+	127M
L	5236	-	38898	-	127M
L	166084	-	38898	-	127M
L	173960	+	7808	+	127M
L	176836	-	7808	+	127M
L	157422	-	12942	-	127M
L	157422	-	28072	-	127M
L	30304	+	157220	-	127M
L	30304	+	166012	-	127M
L	6856	-	40396	-	127M
L	6856	-	175670	+	127M
L	15662	+	40396	-	127M
L	15662	+	175670	+	127M
L	155922	-	176620	-	127M
L	176628	-	176620	-	127M
L	164644	+	6940	+	127M
L	164644	+	174676	-	127M
L	165928	+	177176	+	127M
L	177168	+	177176	+	127M
L	7064	-	165538	+	127M
L	176942	+	165538	+	127M
L	7154	-	155356	+	127M
L	143242	+	155356	+	127M
L	3738	+	175670	-	127M
L	6146	-	175670	-	127M
L	175626	+	175584	-	127M
L	175626	+	176844	+	127M
L	163736	+	143272	-	127M
L	174526	+	143272	-	127M
L	175724	+	176854	-	127M
L	175724	+	176912	-	127M
L	174660	-	177260	-	127M
L	177268	-	177260	-	127M
L	6966	-	176280	-	127M
L	6968	-	176280	-	127M
L	165692	+	8876	-	127M
L	165692	+	176942	+	127M
L	177304	+	173762	-	127M
L	177304	+	177252	+	127M
L	8384	-	175712	-	127M
L	164750	+	175712	-	127M
L	165966	+	143362	+	127M
L	176908	-	143362	+	127M
L	141160	-	33936	-	127M
L	141160	-	142344	+	127M
L	16076	+	25888	-	127M
L	174476	-	25888	-	127M
L	27952	+	165048	-	127M
L	37270	+	165048	-	127M
L	141648	+	6940	-	127M
L	141648	+	25976	-	127M
L	141648	+	41980	-	127M
L	141204	-	174394	-	127M
L	141204	-	174554	-	127M
L	141204	-	174596	-	127M
L	8874	-	157006	+	127M
L	8876	-	157006	+	127M
L	163390	+	157006	+	127M
L	9070	-	166082	+	127M
L	166016	-	166082	+	127M
L	13402	+	9734	+	127M
L	13402	+	9736	+	127M
L	13402	+	174676	+	127M
L	11354	-	175180	+	127M
L	175172	+	175180	+	127M
L	157292	-	32054	-	127M
L	157452	-	32054	-	127M
L	176652	-	174572	-	127M
L	176652	-	176644	-	127M
L	12878	-	166086	+	127M
L	166014	+	166086	+	127M
L	23048	+	164432	-	127M
L	23048	+	166058	-	127M
L	147270	-	175094	-	127M
L	147270	-	177152	-	127M
L	177160	-	175094	-	127M
L	177160	-	177152	-	127M
L	165624	+	175584	+	127M
L	165632	+	175584	+	127M
L	175576	+	175584	+	127M
L	14132	-	156310	-	127M
L	163736	-	156310	-	127M
L	13754	-	163764	+	127M
L	23424	+	163764	+	127M
L	174432	+	163764	+	127M
L	176280	-	177136	-	127M
L	177144	-	177136	-	127M
L	26100	+	142388	+	127M
L	26100	+	174438	-	127M
L	174460	-	174572	+	127M
L	174548	-	174572	+	127M
L	14312	-	174290	-	127M
L	176870	+	174290	-	127M
L	144042	+	4048	-	127M
L	144042	+	12942	+	127M
L	144042	+	40902	-	127M
L	13402	-	164614	-	127M
L	174546	-	164614	-	127M
L	163410	-	174460	-	127M
L	163410	-	174590	-	127M
L	13054	-	157452	-	127M
L	165182	+	157452	-	127M
L	12660	-	166006	+	127M
L	23420	+	166006	+	127M
L	26152	+	174490	-	127M
L	26152	+	174594	-	127M
L	175690	-	163530	-	127M
L	175690	-	174332	-	127M
L	12754	-	166102	-	127M
L	174466	+	166102	-	127M
L	164644	-	174668	-	127M
L	175634	-	174668	-	127M
L	31164	+	174612	-	127M
L	31164	+	174614	-	127M
L	175576	-	174766	+	127M
L	175576	-	175568	-	127M
L	145726	-	175684	-	127M
L	176270	-	175684	-	127M
L	14710	-	30586	-	127M
L	14712	-	30586	-	127M
L	16348	-	3940	-	127M
L	164684	-	3940	-	127M
L	15662	-	12660	-	127M
L	15664	-	12660	-	127M
L	14910	-	142388	-	127M
L	175164	-	142388	-	127M
L	16076	-	40398	-	127M
L	16076	-	177102	-	127M
L	174478	+	40398	-	127M
L	174478	+	177102	-	127M
L	14312	+	40964	-	127M
L	14312	+	165398	+	127M
L	15448	-	177276	-	127M
L	177284	-	177276	-	127M
L	15178	-	15178	-	127M
L	16030	-	165828	+	127M
L	174476	+	165828	+	127M
L	154044	+	14132	-	127M
L	172258	+	14132	-	127M
L	156310	-	17732	+	127M
L	176274	+	17732	+	127M
L	176820	-	177252	-	127M
L	177260	-	177252	-	127M
L	174330	+	176232	+	127M
L	174826	-	176232	+	127M
L	165928	-	18806	+	127M
L	165928	-	40966	-	127M
L	29466	+	18806	-	127M
L	39450	+	18806	-	127M
L	177306	-	174472	+	127M
L	177306	-	177300	-	127M
L	172258	-	164204	-	127M
L	172258	-	176902	-	127M
L	163918	+	176588	-	127M
L	164974	+	176588	-	127M
L	176596	-	176588	-	127M
L	19902	-	173772	-	127M
L	19904	-	173772	-	127M
L	21360	-	176604	-	127M
L	176612	-	176604	-	127M
L	21266	-	176542	+	127M
L	176696	-	176542	+	127M
L	174378	-	155898	+	127M
L	174432	-	155898	+	127M
L	176696	+	174408	-	127M
L	176696	+	176572	+	127M
L	175654	+	174456	-	127M
L	175654	+	174648	-	127M
L	176886	-	164556	+	127M
L	176914	-	164556	+	127M
L	22482	-	164750	+	127M
L	22482	-	166014	+	127M
L	174526	-	176698	+	127M
L	176692	+	176698	+	127M
L	176828	-	21290	+	127M
L	176828	-	31338	-	127M
L	174428	-	176572	-	127M
L	176580	-	176572	-	127M
L	15664	+	16030	-	127M
L	21614	-	16030	-	127M
L	22314	-	173874	-	127M
L	22316	-	173874	-	127M
L	174594	-	175654	+	127M
L	174596	-	175654	+	127M
L	172250	+	177120	-	127M
L	177128	-	177120	-	127M
L	22426	-	175748	+	127M
L	176912	-	175748	+	127M
L	154960	+	165686	+	127M
L	176894	-	165686	+	127M
L	6856	+	13754	-	127M
L	21614	+	13754	-	127M
L	21716	-	157422	-	127M
L	21718	-	157422	-	127M
L	19904	+	9734	-	127M
L	19904	+	25976	+	127M
L	25472	-	176820	-	127M
L	25474	-	176820	-	127M
L	25374	-	165984	-	127M
L	176854	-	165984	-	127M
L	174438	-	165672	+	127M
L	176900	-	165672	+	127M
L	23420	-	6966	-	127M
L	23424	-	6966	-	127M
L	174618	+	176676	+	127M
L	176668	+	176676	+	127M
L	145444	+	165712	-	127M
L	145444	+	165886	+	127M
L	3214	+	165086	+	127M
L	25888	-	165086	+	127M
L	25246	-	165086	-	127M
L	25246	-	165288	-	127M
L	164450	+	41138	-	127M
L	164450	+	157204	-	127M
L	164432	-	164930	+	127M
L	165240	+	164930	+	127M
L	163766	-	164692	-	127M
L	165288	-	164692	-	127M
L	26100	-	33772	-	127M
L	176814	-	33772	-	127M
L	174428	+	164254	+	127M
L	176908	+	164254	+	127M
L	176838	+	164500	+	127M
L	176838	+	174386	-	127M
L	165048	-	173772	+	127M
L	165048	-	176266	+	127M
L	175280	-	165182	+	127M
L	175280	-	175272	-	127M
L	15448	+	147388	-	127M
L	15448	+	176814	-	127M
L	176930	-	3220	-	127M
L	176930	-	33586	-	127M
L	175446	-	26262	+	127M
L	175446	-	176886	-	127M
L	4436	+	21290	-	127M
L	9070	+	21290	-	127M
L	163918	-	164628	-	127M
L	165624	-	164628	-	127M
L	157204	-	157480	-	127M
L	174386	-	157480	-	127M
L	175154	+	37002	-	127M
L	175154	+	175094	+	127M
L	165692	-	175610	+	127M
L	175608	+	175610	+	127M
L	175748	+	165394	-	127M
L	175748	+	176260	-	127M
L	164974	-	145642	+	127M
L	165632	-	145642	+	127M
L	27952	-	174536	+	127M
L	172948	+	174536	+	127M
L	155898	+	166096	-	127M
L	175684	-	166096	-	127M
L	28068	-	28066	+	127M
L	28070	-	28066	+	127M
L	28072	-	28066	+	127M
L	3484	+	42134	-	127M
L	3484	+	174544	+	127M
L	30318	-	166084	-	127M
L	175272	-	166084	-	127M
L	174322	-	143962	+	127M
L	174618	-	143962	+	127M
L	145726	+	157544	+	127M
L	147270	+	157544	+	127M
L	32578	+	143242	+	127M
L	32578	+	143396	+	127M
L	3212	+	165286	+	127M
L	174378	+	165286	+	127M
L	174478	-	165286	+	127M
L	177180	-	29332	+	127M
L	177180	-	175280	-	127M
L	30230	-	150302	-	127M
L	143396	+	150302	-	127M
L	165828	+	177128	-	127M
L	177136	-	177128	-	127M
L	29292	-	164112	+	127M
L	176872	+	164112	+	127M
L	149650	-	165984	+	127M
L	176274	-	165984	+	127M
L	174790	+	174614	+	127M
L	174790	+	176922	+	127M
L	31338	-	13054	-	127M
L	31338	-	30318	-	127M
L	29466	-	45218	-	127M
L	166082	+	45218	-	127M
L	30640	-	764	-	127M
L	30640	-	164254	-	127M
L	30586	-	174272	+	127M
L	176870	-	174272	+	127M
L	25374	+	33936	+	127M
L	25374	+	157220	+	127M
L	32578	-	176944	+	127M
L	157556	-	176944	+	127M
L	33564	-	22316	-	127M
L	142154	+	22316	-	127M
L	174268	-	177292	-	127M
L	177300	-	177292	-	127M
L	176876	-	157548	-	127M
L	176920	-	157548	-	127M
L	33586	-	30230	-	127M
L	33588	-	30230	-	127M
L	176596	+	174536	-	127M
L	176596	+	176604	+	127M
L	176692	-	175632	+	127M
L	176692	-	176684	-	127M
L	175792	-	163626	+	127M
L	175792	-	175788	-	127M
L	177182	-	176828	-	127M
L	177182	-	177176	-	127M
L	14910	+	1678	-	127M
L	32958	-	1678	-	127M
L	32186	-	175608	+	127M
L	175626	-	175608	+	127M
L	174466	-	21718	-	127M
L	174466	-	39372	-	127M
L	174466	-	176890	+	127M
L	164450	-	174276	+	127M
L	176876	+	174276	+	127M
L	174852	-	34640	+	127M
L	174852	-	174844	-	127M
L	41906	+	3222	-	127M
L	41906	+	33588	-	127M
L	33050	-	175618	-	127M
L	33052	-	175618	-	127M
L	172948	-	174782	+	127M
L	174774	+	174782	+	127M
L	32864	-	141636	-	127M
L	32866	-	141636	-	127M
L	33356	-	25472	-	127M
L	33356	-	175172	+	127M
L	175164	+	25472	-	127M
L	175164	+	175172	+	127M
L	33052	+	37586	-	127M
L	142236	+	37586	-	127M
L	175180	+	176894	-	127M
L	175180	+	177306	-	127M
L	45412	+	11354	-	127M
L	45412	+	25474	-	127M
L	22426	+	142344	-	127M
L	22426	+	166012	+	127M
L	34824	-	176884	-	127M
L	176542	+	176884	-	127M
L	175692	+	175646	+	127M
L	175692	+	175702	+	127M
L	4368	+	33564	-	127M
L	4368	+	165286	-	127M
L	174876	+	152058	+	127M
L	174876	+	176884	+	127M
L	174408	-	153856	-	127M
L	176844	+	153856	-	127M
L	36512	-	165164	+	127M
L	142236	-	165164	+	127M
L	173762	-	165686	-	127M
L	173762	-	165712	+	127M
L	177304	-	22482	-	127M
L	177304	-	37586	+	127M
L	6146	+	172250	+	127M
L	38144	-	172250	+	127M
L	172216	-	37002	+	127M
L	172216	-	176228	-	127M
L	141656	+	25246	-	127M
L	141656	+	142154	+	127M
L	37270	-	174766	-	127M
L	174774	-	174766	-	127M
L	165672	+	177268	-	127M
L	177276	-	177268	-	127M
L	176628	+	174612	+	127M
L	176628	+	176636	+	127M
L	4438	+	29332	-	127M
L	166016	+	29332	-	127M
L	166070	+	154960	+	127M
L	166070	+	174268	-	127M
L	151670	-	140960	+	127M
L	174330	-	140960	+	127M
L	174472	+	165502	-	127M
L	174472	+	176836	-	127M
L	163624	-	174826	-	127M
L	174710	-	174826	-	127M
L	177180	+	176228	+	127M
L	177180	+	177120	+	127M
L	39450	-	18120	-	127M
L	164030	+	18120	-	127M
L	41138	-	44176	-	127M
L	157214	+	44176	-	127M
L	38686	-	36800	-	127M
L	174684	-	36800	-	127M
L	152536	+	149198	+	127M
L	163624	+	149198	+	127M
L	28066	+	41204	+	127M
L	28066	+	46872	-	127M
L	40966	-	5236	-	127M
L	40966	-	157292	-	127M
L	176236	-	17732	-	127M
L	176236	-	165966	+	127M
L	40968	-	8384	-	127M
L	40968	-	12878	-	127M
L	174276	+	176956	-	127M
L	175788	-	176956	-	127M
L	39372	-	176282	+	127M
L	164952	-	176282	+	127M
L	174322	+	176902	+	127M
L	175690	+	176902	+	127M
L	40964	-	163766	-	127M
L	40964	-	166006	-	127M
L	28070	+	176282	-	127M
L	40902	-	176282	-	127M
L	164204	-	4952	-	127M
L	175632	+	4952	-	127M
L	40396	-	176864	-	127M
L	40398	-	176864	-	127M
L	176684	-	176676	-	127M
L	176684	-	176904	-	127M
L	163390	-	163534	-	127M
L	166102	-	163534	-	127M
L	157556	+	154166	-	127M
L	176258	-	154166	-	127M
L	177102	-	38144	-	127M
L	177102	-	177100	-	127M
L	41906	-	175628	+	127M
L	176258	+	175628	+	127M
L	12754	+	165998	-	127M
L	21266	+	165998	-	127M
L	32186	+	165998	-	127M
L	152058	+	149156	+	127M
L	165394	-	149156	+	127M
L	174456	-	149156	+	127M
L	32958	+	174436	+	127M
L	33356	+	174436	+	127M
L	33050	+	1982	-	127M
L	36512	+	1982	-	127M
L	144042	-	9736	-	127M
L	144042	-	41980	+	127M
L	176270	+	177168	+	127M
L	177160	+	177168	+	127M
L	176660	+	164930	-	127M
L	176660	+	176668	+	127M
L	2982	+	42134	+	127M
L	2982	+	174546	-	127M
L	174332	-	176636	-	127M
L	176644	-	176636	-	127M
L	176868	-	5086	-	127M
L	176868	-	163764	-	127M
L	7808	+	43100	+	127M
L	7808	+	176914	-	127M
L	175692	-	176234	+	127M
L	175692	-	176922	-	127M
L	174590	-	175700	+	127M
L	174852	+	175700	+	127M
L	175634	+	163394	-	127M
L	175634	+	174282	-	127M
L	173874	-	177144	-	127M
L	177152	-	177144	-	127M
L	21360	+	174344	+	127M
L	42444	+	174344	+	127M
L	28634	+	34640	-	127M
L	28634	+	174548	-	127M
L	42444	-	175568	+	127M
L	175560	+	175568	+	127M
L	177284	+	165886	-	127M
L	177284	+	177292	+	127M
L	165538	+	174668	+	127M
L	175702	+	174668	+	127M
L	175008	+	174374	-	127M
L	175008	+	174844	+	127M
L	144938	-	157006	-	127M
L	154044	-	157006	-	127M
L	176952	+	149650	-	127M
L	176952	+	175792	-	127M
L	152536	-	176260	+	127M
L	163534	-	176260	+	127M
L	176956	-	176260	+	127M
L	45412	-	45408	+	127M
L	174446	+	45408	+	127M
L	176838	-	176952	+	127M
L	176920	+	176952	+	127M
L	142402	+	46870	+	127M
L	142402	+	46872	+	127M
L	142402	+	163394	+	127M
L	16348	+	26262	-	127M
L	32864	+	26262	-	127M
L	38686	+	29292	-	127M
L	45350	+	29292	-	127M
L	164906	+	156546	+	127M
L	165298	+	156546	+	127M
L	165424	-	163626	-	127M
L	165424	-	176904	+	127M
